
 /----------------------------------------------------------------------------\
 |  yosys -- Yosys Open SYnthesis Suite                                       |
 |  Copyright (C) 2012 - 2026  Claire Xenia Wolf <claire@yosyshq.com>         |
 |  Distributed under an ISC-like license, type "license" to see terms        |
 \----------------------------------------------------------------------------/
 Yosys 0.68+201 (git sha1 7c26ff16c-dirty, Release, Clang /usr/bin/clang++ 21.1.8)

-- Executing script file `/home/shreya/HT_detection_GNN/trusthub/netlists/AES/AES-T1600/trojan.ys' --

1. Executing Verilog-2005 frontend: /home/shreya/HT_detection_GNN/trusthub/AES_unzipped/AES-T1600/AES-T1600/src/TjIn/AM_Transmission.v
Parsing Verilog input from `/home/shreya/HT_detection_GNN/trusthub/AES_unzipped/AES-T1600/AES-T1600/src/TjIn/AM_Transmission.v' to AST representation.
Generating RTLIL representation for module `\AM_Transmission'.
/home/shreya/HT_detection_GNN/trusthub/AES_unzipped/AES-T1600/AES-T1600/src/TjIn/AM_Transmission.v:60: Warning: Identifier `\beep1' is implicitly declared.
/home/shreya/HT_detection_GNN/trusthub/AES_unzipped/AES-T1600/AES-T1600/src/TjIn/AM_Transmission.v:61: Warning: Identifier `\beep2' is implicitly declared.
/home/shreya/HT_detection_GNN/trusthub/AES_unzipped/AES-T1600/AES-T1600/src/TjIn/AM_Transmission.v:62: Warning: Identifier `\beeps' is implicitly declared.
/home/shreya/HT_detection_GNN/trusthub/AES_unzipped/AES-T1600/AES-T1600/src/TjIn/AM_Transmission.v:63: Warning: Identifier `\MUX_Sel' is implicitly declared.
Successfully finished Verilog frontend.

2. Executing Verilog-2005 frontend: /home/shreya/HT_detection_GNN/trusthub/AES_unzipped/AES-T1600/AES-T1600/src/TjIn/Trojan_Trigger.v
Parsing Verilog input from `/home/shreya/HT_detection_GNN/trusthub/AES_unzipped/AES-T1600/AES-T1600/src/TjIn/Trojan_Trigger.v' to AST representation.
Generating RTLIL representation for module `\Trojan_Trigger'.
Note: Assuming pure combinatorial block at /home/shreya/HT_detection_GNN/trusthub/AES_unzipped/AES-T1600/AES-T1600/src/TjIn/Trojan_Trigger.v:32.2-35.5 in
compliance with IEC 62142(E):2005 / IEEE Std. 1364.1(E):2002. Recommending
use of @* instead of @(...) for better match of synthesis and simulation.
Note: Assuming pure combinatorial block at /home/shreya/HT_detection_GNN/trusthub/AES_unzipped/AES-T1600/AES-T1600/src/TjIn/Trojan_Trigger.v:48.2-64.5 in
compliance with IEC 62142(E):2005 / IEEE Std. 1364.1(E):2002. Recommending
use of @* instead of @(...) for better match of synthesis and simulation.
Note: Assuming pure combinatorial block at /home/shreya/HT_detection_GNN/trusthub/AES_unzipped/AES-T1600/AES-T1600/src/TjIn/Trojan_Trigger.v:66.2-69.5 in
compliance with IEC 62142(E):2005 / IEEE Std. 1364.1(E):2002. Recommending
use of @* instead of @(...) for better match of synthesis and simulation.
Successfully finished Verilog frontend.

3. Executing Verilog-2005 frontend: /home/shreya/HT_detection_GNN/trusthub/AES_unzipped/AES-T1600/AES-T1600/src/TjIn/aes_128.v
Parsing Verilog input from `/home/shreya/HT_detection_GNN/trusthub/AES_unzipped/AES-T1600/AES-T1600/src/TjIn/aes_128.v' to AST representation.
Generating RTLIL representation for module `\aes_128'.
Generating RTLIL representation for module `\expand_key_128'.
Successfully finished Verilog frontend.

4. Executing Verilog-2005 frontend: /home/shreya/HT_detection_GNN/trusthub/AES_unzipped/AES-T1600/AES-T1600/src/TjIn/round.v
Parsing Verilog input from `/home/shreya/HT_detection_GNN/trusthub/AES_unzipped/AES-T1600/AES-T1600/src/TjIn/round.v' to AST representation.
Generating RTLIL representation for module `\one_round'.
Generating RTLIL representation for module `\final_round'.
Successfully finished Verilog frontend.

5. Executing Verilog-2005 frontend: /home/shreya/HT_detection_GNN/trusthub/AES_unzipped/AES-T1600/AES-T1600/src/TjIn/table.v
Parsing Verilog input from `/home/shreya/HT_detection_GNN/trusthub/AES_unzipped/AES-T1600/AES-T1600/src/TjIn/table.v' to AST representation.
Generating RTLIL representation for module `\table_lookup'.
Generating RTLIL representation for module `\S4'.
Generating RTLIL representation for module `\T'.
Generating RTLIL representation for module `\S'.
Generating RTLIL representation for module `\xS'.
Successfully finished Verilog frontend.

6. Executing Verilog-2005 frontend: /home/shreya/HT_detection_GNN/trusthub/AES_unzipped/AES-T1600/AES-T1600/src/TjIn/top.v
Parsing Verilog input from `/home/shreya/HT_detection_GNN/trusthub/AES_unzipped/AES-T1600/AES-T1600/src/TjIn/top.v' to AST representation.
Generating RTLIL representation for module `\top'.
Successfully finished Verilog frontend.

7. Executing HIERARCHY pass (managing design hierarchy).

7.1. Analyzing design hierarchy..
Top module:  \top
Used module:     \AM_Transmission
Used module:     \Trojan_Trigger
Used module:     \aes_128
Used module:         \final_round
Used module:             \S4
Used module:                 \S
Used module:         \one_round
Used module:             \table_lookup
Used module:                 \T
Used module:                     \xS
Used module:         \expand_key_128

7.2. Analyzing design hierarchy..
Top module:  \top
Used module:     \AM_Transmission
Used module:     \Trojan_Trigger
Used module:     \aes_128
Used module:         \final_round
Used module:             \S4
Used module:                 \S
Used module:         \one_round
Used module:             \table_lookup
Used module:                 \T
Used module:                     \xS
Used module:         \expand_key_128
Removed 0 unused modules.
Mapping positional arguments of cell top.TSC (AM_Transmission).
Mapping positional arguments of cell top.Tj_Trigger (Trojan_Trigger).
Mapping positional arguments of cell top.AES (aes_128).
Mapping positional arguments of cell T.s4 (xS).
Mapping positional arguments of cell T.s0 (S).
Mapping positional arguments of cell S4.S_3 (S).
Mapping positional arguments of cell S4.S_2 (S).
Mapping positional arguments of cell S4.S_1 (S).
Mapping positional arguments of cell S4.S_0 (S).
Mapping positional arguments of cell table_lookup.t3 (T).
Mapping positional arguments of cell table_lookup.t2 (T).
Mapping positional arguments of cell table_lookup.t1 (T).
Mapping positional arguments of cell table_lookup.t0 (T).
Mapping positional arguments of cell final_round.S4_4 (S4).
Mapping positional arguments of cell final_round.S4_3 (S4).
Mapping positional arguments of cell final_round.S4_2 (S4).
Mapping positional arguments of cell final_round.S4_1 (S4).
Mapping positional arguments of cell one_round.t3 (table_lookup).
Mapping positional arguments of cell one_round.t2 (table_lookup).
Mapping positional arguments of cell one_round.t1 (table_lookup).
Mapping positional arguments of cell one_round.t0 (table_lookup).
Mapping positional arguments of cell expand_key_128.S4_0 (S4).
Mapping positional arguments of cell aes_128.rf (final_round).
Mapping positional arguments of cell aes_128.r9 (one_round).
Mapping positional arguments of cell aes_128.r8 (one_round).
Mapping positional arguments of cell aes_128.r7 (one_round).
Mapping positional arguments of cell aes_128.r6 (one_round).
Mapping positional arguments of cell aes_128.r5 (one_round).
Mapping positional arguments of cell aes_128.r4 (one_round).
Mapping positional arguments of cell aes_128.r3 (one_round).
Mapping positional arguments of cell aes_128.r2 (one_round).
Mapping positional arguments of cell aes_128.r1 (one_round).
Mapping positional arguments of cell aes_128.a10 (expand_key_128).
Mapping positional arguments of cell aes_128.a9 (expand_key_128).
Mapping positional arguments of cell aes_128.a8 (expand_key_128).
Mapping positional arguments of cell aes_128.a7 (expand_key_128).
Mapping positional arguments of cell aes_128.a6 (expand_key_128).
Mapping positional arguments of cell aes_128.a5 (expand_key_128).
Mapping positional arguments of cell aes_128.a4 (expand_key_128).
Mapping positional arguments of cell aes_128.a3 (expand_key_128).
Mapping positional arguments of cell aes_128.a2 (expand_key_128).
Mapping positional arguments of cell aes_128.a1 (expand_key_128).

8. Executing PROC pass (convert processes to netlists).

8.1. Executing PROC_CLEAN pass (remove empty switches from decision trees).
Cleaned up 0 empty switches.

8.2. Executing PROC_RMDEAD pass (remove dead branches from decision trees).
Marked 1 switch rules as full_case in process $proc$/home/shreya/HT_detection_GNN/trusthub/AES_unzipped/AES-T1600/AES-T1600/src/TjIn/table.v:331$84 in module xS.
Marked 1 switch rules as full_case in process $proc$/home/shreya/HT_detection_GNN/trusthub/AES_unzipped/AES-T1600/AES-T1600/src/TjIn/table.v:64$83 in module S.
Marked 4 switch rules as full_case in process $proc$/home/shreya/HT_detection_GNN/trusthub/AES_unzipped/AES-T1600/AES-T1600/src/TjIn/Trojan_Trigger.v:48$32 in module Trojan_Trigger.
Marked 2 switch rules as full_case in process $proc$/home/shreya/HT_detection_GNN/trusthub/AES_unzipped/AES-T1600/AES-T1600/src/TjIn/Trojan_Trigger.v:38$24 in module Trojan_Trigger.
Marked 1 switch rules as full_case in process $proc$/home/shreya/HT_detection_GNN/trusthub/AES_unzipped/AES-T1600/AES-T1600/src/TjIn/AM_Transmission.v:42$6 in module AM_Transmission.
Marked 1 switch rules as full_case in process $proc$/home/shreya/HT_detection_GNN/trusthub/AES_unzipped/AES-T1600/AES-T1600/src/TjIn/AM_Transmission.v:33$1 in module AM_Transmission.
Removed a total of 0 dead cases.

8.3. Executing PROC_PRUNE pass (remove redundant assignments in processes).
Removed 4 redundant assignments.
Promoted 8 assignments to connections.

8.4. Executing PROC_INIT pass (extract init attributes).

8.5. Executing PROC_ARST pass (detect async resets in processes).
Found async reset \Tj_Trig in `\AM_Transmission.$proc$/home/shreya/HT_detection_GNN/trusthub/AES_unzipped/AES-T1600/AES-T1600/src/TjIn/AM_Transmission.v:42$6'.

8.6. Executing PROC_ROM pass (convert switches to ROMs).
Converted 2 switches.
<suppressed ~9 debug messages>

8.7. Executing PROC_MUX pass (convert decision trees to multiplexers).
Creating decoders for process `\xS.$proc$/home/shreya/HT_detection_GNN/trusthub/AES_unzipped/AES-T1600/AES-T1600/src/TjIn/table.v:331$84'.
     1/1: $0\out[7:0]
Creating decoders for process `\S.$proc$/home/shreya/HT_detection_GNN/trusthub/AES_unzipped/AES-T1600/AES-T1600/src/TjIn/table.v:64$83'.
     1/1: $0\out[7:0]
Creating decoders for process `\final_round.$proc$/home/shreya/HT_detection_GNN/trusthub/AES_unzipped/AES-T1600/AES-T1600/src/TjIn/round.v:78$81'.
Creating decoders for process `\one_round.$proc$/home/shreya/HT_detection_GNN/trusthub/AES_unzipped/AES-T1600/AES-T1600/src/TjIn/round.v:45$76'.
Creating decoders for process `\expand_key_128.$proc$/home/shreya/HT_detection_GNN/trusthub/AES_unzipped/AES-T1600/AES-T1600/src/TjIn/aes_128.v:88$59'.
Creating decoders for process `\expand_key_128.$proc$/home/shreya/HT_detection_GNN/trusthub/AES_unzipped/AES-T1600/AES-T1600/src/TjIn/aes_128.v:77$54'.
Creating decoders for process `\aes_128.$proc$/home/shreya/HT_detection_GNN/trusthub/AES_unzipped/AES-T1600/AES-T1600/src/TjIn/aes_128.v:26$48'.
Creating decoders for process `\Trojan_Trigger.$proc$/home/shreya/HT_detection_GNN/trusthub/AES_unzipped/AES-T1600/AES-T1600/src/TjIn/Trojan_Trigger.v:66$44'.
Creating decoders for process `\Trojan_Trigger.$proc$/home/shreya/HT_detection_GNN/trusthub/AES_unzipped/AES-T1600/AES-T1600/src/TjIn/Trojan_Trigger.v:48$32'.
     1/4: $0\State3[0:0]
     2/4: $0\State2[0:0]
     3/4: $0\State1[0:0]
     4/4: $0\State0[0:0]
Creating decoders for process `\Trojan_Trigger.$proc$/home/shreya/HT_detection_GNN/trusthub/AES_unzipped/AES-T1600/AES-T1600/src/TjIn/Trojan_Trigger.v:38$24'.
     1/2: $0\tempClk2[0:0]
     2/2: $0\tempClk1[0:0]
Creating decoders for process `\Trojan_Trigger.$proc$/home/shreya/HT_detection_GNN/trusthub/AES_unzipped/AES-T1600/AES-T1600/src/TjIn/Trojan_Trigger.v:32$22'.
Creating decoders for process `\AM_Transmission.$proc$/home/shreya/HT_detection_GNN/trusthub/AES_unzipped/AES-T1600/AES-T1600/src/TjIn/AM_Transmission.v:42$6'.
     1/1: $0\SHIFTReg[127:0]
Creating decoders for process `\AM_Transmission.$proc$/home/shreya/HT_detection_GNN/trusthub/AES_unzipped/AES-T1600/AES-T1600/src/TjIn/AM_Transmission.v:33$1'.
     1/1: $0\Baud8GeneratorACC[25:0]

8.8. Executing PROC_DLATCH pass (convert process syncs to latches).
No latch inferred for signal `\Trojan_Trigger.\Detected' from process `\Trojan_Trigger.$proc$/home/shreya/HT_detection_GNN/trusthub/AES_unzipped/AES-T1600/AES-T1600/src/TjIn/Trojan_Trigger.v:66$44'.
Warning: Latch inferred for signal `\Trojan_Trigger.\State0' from process `\Trojan_Trigger.$proc$/home/shreya/HT_detection_GNN/trusthub/AES_unzipped/AES-T1600/AES-T1600/src/TjIn/Trojan_Trigger.v:48$32': $auto$proc_dlatch.cc:547:proc_dlatch$171
Warning: Latch inferred for signal `\Trojan_Trigger.\State1' from process `\Trojan_Trigger.$proc$/home/shreya/HT_detection_GNN/trusthub/AES_unzipped/AES-T1600/AES-T1600/src/TjIn/Trojan_Trigger.v:48$32': $auto$proc_dlatch.cc:547:proc_dlatch$202
Warning: Latch inferred for signal `\Trojan_Trigger.\State2' from process `\Trojan_Trigger.$proc$/home/shreya/HT_detection_GNN/trusthub/AES_unzipped/AES-T1600/AES-T1600/src/TjIn/Trojan_Trigger.v:48$32': $auto$proc_dlatch.cc:547:proc_dlatch$241
Warning: Latch inferred for signal `\Trojan_Trigger.\State3' from process `\Trojan_Trigger.$proc$/home/shreya/HT_detection_GNN/trusthub/AES_unzipped/AES-T1600/AES-T1600/src/TjIn/Trojan_Trigger.v:48$32': $auto$proc_dlatch.cc:547:proc_dlatch$288
No latch inferred for signal `\Trojan_Trigger.\Tj_Trig' from process `\Trojan_Trigger.$proc$/home/shreya/HT_detection_GNN/trusthub/AES_unzipped/AES-T1600/AES-T1600/src/TjIn/Trojan_Trigger.v:32$22'.

8.9. Executing PROC_DFF pass (convert process syncs to FFs).
Creating register for signal `\xS.\out' using process `\xS.$proc$/home/shreya/HT_detection_GNN/trusthub/AES_unzipped/AES-T1600/AES-T1600/src/TjIn/table.v:331$84'.
  created $dff cell `$procdff$289' with positive edge clock.
Creating register for signal `\S.\out' using process `\S.$proc$/home/shreya/HT_detection_GNN/trusthub/AES_unzipped/AES-T1600/AES-T1600/src/TjIn/table.v:64$83'.
  created $dff cell `$procdff$290' with positive edge clock.
Creating register for signal `\final_round.\state_out' using process `\final_round.$proc$/home/shreya/HT_detection_GNN/trusthub/AES_unzipped/AES-T1600/AES-T1600/src/TjIn/round.v:78$81'.
  created $dff cell `$procdff$291' with positive edge clock.
Creating register for signal `\one_round.\state_out' using process `\one_round.$proc$/home/shreya/HT_detection_GNN/trusthub/AES_unzipped/AES-T1600/AES-T1600/src/TjIn/round.v:45$76'.
  created $dff cell `$procdff$292' with positive edge clock.
Creating register for signal `\expand_key_128.\out_1' using process `\expand_key_128.$proc$/home/shreya/HT_detection_GNN/trusthub/AES_unzipped/AES-T1600/AES-T1600/src/TjIn/aes_128.v:88$59'.
  created $dff cell `$procdff$293' with positive edge clock.
Creating register for signal `\expand_key_128.\k0a' using process `\expand_key_128.$proc$/home/shreya/HT_detection_GNN/trusthub/AES_unzipped/AES-T1600/AES-T1600/src/TjIn/aes_128.v:77$54'.
  created $dff cell `$procdff$294' with positive edge clock.
Creating register for signal `\expand_key_128.\k1a' using process `\expand_key_128.$proc$/home/shreya/HT_detection_GNN/trusthub/AES_unzipped/AES-T1600/AES-T1600/src/TjIn/aes_128.v:77$54'.
  created $dff cell `$procdff$295' with positive edge clock.
Creating register for signal `\expand_key_128.\k2a' using process `\expand_key_128.$proc$/home/shreya/HT_detection_GNN/trusthub/AES_unzipped/AES-T1600/AES-T1600/src/TjIn/aes_128.v:77$54'.
  created $dff cell `$procdff$296' with positive edge clock.
Creating register for signal `\expand_key_128.\k3a' using process `\expand_key_128.$proc$/home/shreya/HT_detection_GNN/trusthub/AES_unzipped/AES-T1600/AES-T1600/src/TjIn/aes_128.v:77$54'.
  created $dff cell `$procdff$297' with positive edge clock.
Creating register for signal `\aes_128.\s0' using process `\aes_128.$proc$/home/shreya/HT_detection_GNN/trusthub/AES_unzipped/AES-T1600/AES-T1600/src/TjIn/aes_128.v:26$48'.
  created $dff cell `$procdff$298' with positive edge clock.
Creating register for signal `\aes_128.\k0' using process `\aes_128.$proc$/home/shreya/HT_detection_GNN/trusthub/AES_unzipped/AES-T1600/AES-T1600/src/TjIn/aes_128.v:26$48'.
  created $dff cell `$procdff$299' with positive edge clock.
Creating register for signal `\Trojan_Trigger.\tempClk1' using process `\Trojan_Trigger.$proc$/home/shreya/HT_detection_GNN/trusthub/AES_unzipped/AES-T1600/AES-T1600/src/TjIn/Trojan_Trigger.v:38$24'.
  created $dff cell `$procdff$300' with positive edge clock.
Creating register for signal `\Trojan_Trigger.\tempClk2' using process `\Trojan_Trigger.$proc$/home/shreya/HT_detection_GNN/trusthub/AES_unzipped/AES-T1600/AES-T1600/src/TjIn/Trojan_Trigger.v:38$24'.
  created $dff cell `$procdff$301' with positive edge clock.
Creating register for signal `\AM_Transmission.\SHIFTReg' using process `\AM_Transmission.$proc$/home/shreya/HT_detection_GNN/trusthub/AES_unzipped/AES-T1600/AES-T1600/src/TjIn/AM_Transmission.v:42$6'.
Warning: Async reset value `\key' is not constant!
  created $aldff cell `$procdff$304' with positive edge clock and positive level non-const reset.
Creating register for signal `\AM_Transmission.\Baud8GeneratorACC' using process `\AM_Transmission.$proc$/home/shreya/HT_detection_GNN/trusthub/AES_unzipped/AES-T1600/AES-T1600/src/TjIn/AM_Transmission.v:33$1'.
  created $dff cell `$procdff$305' with positive edge clock.

8.10. Executing PROC_MEMWR pass (convert process memory writes to cells).

8.11. Executing PROC_CLEAN pass (remove empty switches from decision trees).
Found and cleaned up 1 empty switch in `\xS.$proc$/home/shreya/HT_detection_GNN/trusthub/AES_unzipped/AES-T1600/AES-T1600/src/TjIn/table.v:331$84'.
Removing empty process `xS.$proc$/home/shreya/HT_detection_GNN/trusthub/AES_unzipped/AES-T1600/AES-T1600/src/TjIn/table.v:331$84'.
Found and cleaned up 1 empty switch in `\S.$proc$/home/shreya/HT_detection_GNN/trusthub/AES_unzipped/AES-T1600/AES-T1600/src/TjIn/table.v:64$83'.
Removing empty process `S.$proc$/home/shreya/HT_detection_GNN/trusthub/AES_unzipped/AES-T1600/AES-T1600/src/TjIn/table.v:64$83'.
Removing empty process `final_round.$proc$/home/shreya/HT_detection_GNN/trusthub/AES_unzipped/AES-T1600/AES-T1600/src/TjIn/round.v:78$81'.
Removing empty process `one_round.$proc$/home/shreya/HT_detection_GNN/trusthub/AES_unzipped/AES-T1600/AES-T1600/src/TjIn/round.v:45$76'.
Removing empty process `expand_key_128.$proc$/home/shreya/HT_detection_GNN/trusthub/AES_unzipped/AES-T1600/AES-T1600/src/TjIn/aes_128.v:88$59'.
Removing empty process `expand_key_128.$proc$/home/shreya/HT_detection_GNN/trusthub/AES_unzipped/AES-T1600/AES-T1600/src/TjIn/aes_128.v:77$54'.
Removing empty process `aes_128.$proc$/home/shreya/HT_detection_GNN/trusthub/AES_unzipped/AES-T1600/AES-T1600/src/TjIn/aes_128.v:26$48'.
Removing empty process `Trojan_Trigger.$proc$/home/shreya/HT_detection_GNN/trusthub/AES_unzipped/AES-T1600/AES-T1600/src/TjIn/Trojan_Trigger.v:66$44'.
Found and cleaned up 5 empty switches in `\Trojan_Trigger.$proc$/home/shreya/HT_detection_GNN/trusthub/AES_unzipped/AES-T1600/AES-T1600/src/TjIn/Trojan_Trigger.v:48$32'.
Removing empty process `Trojan_Trigger.$proc$/home/shreya/HT_detection_GNN/trusthub/AES_unzipped/AES-T1600/AES-T1600/src/TjIn/Trojan_Trigger.v:48$32'.
Found and cleaned up 3 empty switches in `\Trojan_Trigger.$proc$/home/shreya/HT_detection_GNN/trusthub/AES_unzipped/AES-T1600/AES-T1600/src/TjIn/Trojan_Trigger.v:38$24'.
Removing empty process `Trojan_Trigger.$proc$/home/shreya/HT_detection_GNN/trusthub/AES_unzipped/AES-T1600/AES-T1600/src/TjIn/Trojan_Trigger.v:38$24'.
Removing empty process `Trojan_Trigger.$proc$/home/shreya/HT_detection_GNN/trusthub/AES_unzipped/AES-T1600/AES-T1600/src/TjIn/Trojan_Trigger.v:32$22'.
Removing empty process `AM_Transmission.$proc$/home/shreya/HT_detection_GNN/trusthub/AES_unzipped/AES-T1600/AES-T1600/src/TjIn/AM_Transmission.v:42$6'.
Found and cleaned up 1 empty switch in `\AM_Transmission.$proc$/home/shreya/HT_detection_GNN/trusthub/AES_unzipped/AES-T1600/AES-T1600/src/TjIn/AM_Transmission.v:33$1'.
Removing empty process `AM_Transmission.$proc$/home/shreya/HT_detection_GNN/trusthub/AES_unzipped/AES-T1600/AES-T1600/src/TjIn/AM_Transmission.v:33$1'.
Cleaned up 11 empty switches.

8.12. Executing OPT_EXPR pass (perform const folding).
Optimizing module top.
Optimizing module xS.
Optimizing module S.
Optimizing module T.
Optimizing module S4.
Optimizing module table_lookup.
Optimizing module final_round.
Optimizing module one_round.
Optimizing module expand_key_128.
Optimizing module aes_128.
Optimizing module Trojan_Trigger.
<suppressed ~56 debug messages>
Optimizing module AM_Transmission.
<suppressed ~5 debug messages>

9. Executing OPT pass (performing simple optimizations).

9.1. Executing OPT_EXPR pass (perform const folding).
Optimizing module top.
Optimizing module xS.
Optimizing module S.
Optimizing module T.
Optimizing module S4.
Optimizing module table_lookup.
Optimizing module final_round.
Optimizing module one_round.
Optimizing module expand_key_128.
Optimizing module aes_128.
Optimizing module Trojan_Trigger.
Optimizing module AM_Transmission.

9.2. Executing OPT_MERGE pass (detect identical cells).
Finding identical cells in module `\top'.
Computing hashes of 3 cells of `\top'.
Finding duplicate cells in `\top'.
Finding identical cells in module `\xS'.
Computing hashes of 3 cells of `\xS'.
Finding duplicate cells in `\xS'.
Finding identical cells in module `\S'.
Computing hashes of 3 cells of `\S'.
Finding duplicate cells in `\S'.
Finding identical cells in module `\T'.
Computing hashes of 3 cells of `\T'.
Finding duplicate cells in `\T'.
Finding identical cells in module `\S4'.
Computing hashes of 4 cells of `\S4'.
Finding duplicate cells in `\S4'.
Finding identical cells in module `\table_lookup'.
Computing hashes of 4 cells of `\table_lookup'.
Finding duplicate cells in `\table_lookup'.
Finding identical cells in module `\final_round'.
Computing hashes of 9 cells of `\final_round'.
Finding duplicate cells in `\final_round'.
Finding identical cells in module `\one_round'.
Computing hashes of 21 cells of `\one_round'.
Finding duplicate cells in `\one_round'.
Finding identical cells in module `\expand_key_128'.
Computing hashes of 14 cells of `\expand_key_128'.
Finding duplicate cells in `\expand_key_128'.
Finding identical cells in module `\aes_128'.
Computing hashes of 23 cells of `\aes_128'.
Finding duplicate cells in `\aes_128'.
Finding identical cells in module `\Trojan_Trigger'.
Computing hashes of 63 cells of `\Trojan_Trigger'.
Finding duplicate cells in `\Trojan_Trigger'.
Computing hashes of 54 cells of `\Trojan_Trigger'.
Finding duplicate cells in `\Trojan_Trigger'.
<suppressed ~27 debug messages>
Finding identical cells in module `\AM_Transmission'.
Computing hashes of 18 cells of `\AM_Transmission'.
Finding duplicate cells in `\AM_Transmission'.
Removed a total of 9 cells.

9.3. Executing OPT_MUXTREE pass (detect dead branches in mux trees).
Running muxtree optimizer on module \top..
  Creating internal representation of mux trees.
  No muxes found in this module.
Running muxtree optimizer on module \xS..
  Creating internal representation of mux trees.
  No muxes found in this module.
Running muxtree optimizer on module \S..
  Creating internal representation of mux trees.
  No muxes found in this module.
Running muxtree optimizer on module \T..
  Creating internal representation of mux trees.
  No muxes found in this module.
Running muxtree optimizer on module \S4..
  Creating internal representation of mux trees.
  No muxes found in this module.
Running muxtree optimizer on module \table_lookup..
  Creating internal representation of mux trees.
  No muxes found in this module.
Running muxtree optimizer on module \final_round..
  Creating internal representation of mux trees.
  No muxes found in this module.
Running muxtree optimizer on module \one_round..
  Creating internal representation of mux trees.
  No muxes found in this module.
Running muxtree optimizer on module \expand_key_128..
  Creating internal representation of mux trees.
  No muxes found in this module.
Running muxtree optimizer on module \aes_128..
  Creating internal representation of mux trees.
  No muxes found in this module.
Running muxtree optimizer on module \Trojan_Trigger..
  Creating internal representation of mux trees.
  Evaluating internal representation of mux trees.
  Analyzing evaluation results.
Running muxtree optimizer on module \AM_Transmission..
  Creating internal representation of mux trees.
  Evaluating internal representation of mux trees.
  Analyzing evaluation results.
Removed 0 multiplexer ports.
<suppressed ~19 debug messages>

9.4. Executing OPT_REDUCE pass (consolidate $*mux and $reduce_* inputs).
  Optimizing cells in module \top.
  Optimizing cells in module \xS.
  Optimizing cells in module \S.
  Optimizing cells in module \T.
  Optimizing cells in module \S4.
  Optimizing cells in module \table_lookup.
  Optimizing cells in module \final_round.
  Optimizing cells in module \one_round.
  Optimizing cells in module \expand_key_128.
  Optimizing cells in module \aes_128.
  Optimizing cells in module \Trojan_Trigger.
  Optimizing cells in module \AM_Transmission.
Performed a total of 0 changes.

9.5. Executing OPT_MERGE pass (detect identical cells).
Finding identical cells in module `\top'.
Computing hashes of 3 cells of `\top'.
Finding duplicate cells in `\top'.
Finding identical cells in module `\xS'.
Computing hashes of 3 cells of `\xS'.
Finding duplicate cells in `\xS'.
Finding identical cells in module `\S'.
Computing hashes of 3 cells of `\S'.
Finding duplicate cells in `\S'.
Finding identical cells in module `\T'.
Computing hashes of 3 cells of `\T'.
Finding duplicate cells in `\T'.
Finding identical cells in module `\S4'.
Computing hashes of 4 cells of `\S4'.
Finding duplicate cells in `\S4'.
Finding identical cells in module `\table_lookup'.
Computing hashes of 4 cells of `\table_lookup'.
Finding duplicate cells in `\table_lookup'.
Finding identical cells in module `\final_round'.
Computing hashes of 9 cells of `\final_round'.
Finding duplicate cells in `\final_round'.
Finding identical cells in module `\one_round'.
Computing hashes of 21 cells of `\one_round'.
Finding duplicate cells in `\one_round'.
Finding identical cells in module `\expand_key_128'.
Computing hashes of 14 cells of `\expand_key_128'.
Finding duplicate cells in `\expand_key_128'.
Finding identical cells in module `\aes_128'.
Computing hashes of 23 cells of `\aes_128'.
Finding duplicate cells in `\aes_128'.
Finding identical cells in module `\Trojan_Trigger'.
Computing hashes of 54 cells of `\Trojan_Trigger'.
Finding duplicate cells in `\Trojan_Trigger'.
Computing hashes of 51 cells of `\Trojan_Trigger'.
Finding duplicate cells in `\Trojan_Trigger'.
<suppressed ~9 debug messages>
Finding identical cells in module `\AM_Transmission'.
Computing hashes of 18 cells of `\AM_Transmission'.
Finding duplicate cells in `\AM_Transmission'.
Removed a total of 3 cells.

9.6. Executing OPT_DFF pass (perform DFF optimizations).
Adding SRST signal on $procdff$301 ($dff) from module Trojan_Trigger (D = $procmux$139_Y, Q = \tempClk2, rval = 1'0).
Adding EN signal on $auto$ff.cc:337:slice$306 ($sdff) from module Trojan_Trigger (D = $procmux$139_Y, Q = \tempClk2).
Adding SRST signal on $procdff$300 ($dff) from module Trojan_Trigger (D = $procmux$145_Y, Q = \tempClk1, rval = 1'1).
Adding EN signal on $auto$ff.cc:337:slice$310 ($sdff) from module Trojan_Trigger (D = 1'0, Q = \tempClk1).
Adding SRST signal on $procdff$305 ($dff) from module AM_Transmission (D = $add$/home/shreya/HT_detection_GNN/trusthub/AES_unzipped/AES-T1600/AES-T1600/src/TjIn/AM_Transmission.v:38$5_Y [25:0], Q = \Baud8GeneratorACC, rval = 26'00000000000000000000000000).

9.7. Executing OPT_CLEAN pass (remove unused cells and wires).
Finding unused cells or wires in module \top..
Finding unused cells or wires in module \xS..
Finding unused cells or wires in module \S..
Finding unused cells or wires in module \T..
Finding unused cells or wires in module \S4..
Finding unused cells or wires in module \table_lookup..
Finding unused cells or wires in module \final_round..
Finding unused cells or wires in module \one_round..
Finding unused cells or wires in module \expand_key_128..
Finding unused cells or wires in module \aes_128..
Finding unused cells or wires in module \Trojan_Trigger..
Finding unused cells or wires in module \AM_Transmission..
Removed 8 unused cells and 141 unused wires.
<suppressed ~18 debug messages>

9.8. Executing OPT_EXPR pass (perform const folding).
Optimizing module top.
Optimizing module xS.
Optimizing module S.
Optimizing module T.
Optimizing module S4.
Optimizing module table_lookup.
Optimizing module final_round.
Optimizing module one_round.
Optimizing module expand_key_128.
Optimizing module aes_128.
Optimizing module Trojan_Trigger.
<suppressed ~1 debug messages>
Optimizing module AM_Transmission.

9.9. Rerunning OPT passes. (Maybe there is more to do..)

9.10. Executing OPT_MUXTREE pass (detect dead branches in mux trees).
Running muxtree optimizer on module \top..
  Creating internal representation of mux trees.
  No muxes found in this module.
Running muxtree optimizer on module \xS..
  Creating internal representation of mux trees.
  No muxes found in this module.
Running muxtree optimizer on module \S..
  Creating internal representation of mux trees.
  No muxes found in this module.
Running muxtree optimizer on module \T..
  Creating internal representation of mux trees.
  No muxes found in this module.
Running muxtree optimizer on module \S4..
  Creating internal representation of mux trees.
  No muxes found in this module.
Running muxtree optimizer on module \table_lookup..
  Creating internal representation of mux trees.
  No muxes found in this module.
Running muxtree optimizer on module \final_round..
  Creating internal representation of mux trees.
  No muxes found in this module.
Running muxtree optimizer on module \one_round..
  Creating internal representation of mux trees.
  No muxes found in this module.
Running muxtree optimizer on module \expand_key_128..
  Creating internal representation of mux trees.
  No muxes found in this module.
Running muxtree optimizer on module \aes_128..
  Creating internal representation of mux trees.
  No muxes found in this module.
Running muxtree optimizer on module \Trojan_Trigger..
  Creating internal representation of mux trees.
  Evaluating internal representation of mux trees.
  Analyzing evaluation results.
Running muxtree optimizer on module \AM_Transmission..
  Creating internal representation of mux trees.
  Evaluating internal representation of mux trees.
  Analyzing evaluation results.
Removed 0 multiplexer ports.
<suppressed ~7 debug messages>

9.11. Executing OPT_REDUCE pass (consolidate $*mux and $reduce_* inputs).
  Optimizing cells in module \top.
  Optimizing cells in module \xS.
  Optimizing cells in module \S.
  Optimizing cells in module \T.
  Optimizing cells in module \S4.
  Optimizing cells in module \table_lookup.
  Optimizing cells in module \final_round.
  Optimizing cells in module \one_round.
  Optimizing cells in module \expand_key_128.
  Optimizing cells in module \aes_128.
  Optimizing cells in module \Trojan_Trigger.
  Optimizing cells in module \AM_Transmission.
Performed a total of 0 changes.

9.12. Executing OPT_MERGE pass (detect identical cells).
Finding identical cells in module `\top'.
Computing hashes of 3 cells of `\top'.
Finding duplicate cells in `\top'.
Finding identical cells in module `\xS'.
Computing hashes of 3 cells of `\xS'.
Finding duplicate cells in `\xS'.
Finding identical cells in module `\S'.
Computing hashes of 3 cells of `\S'.
Finding duplicate cells in `\S'.
Finding identical cells in module `\T'.
Computing hashes of 3 cells of `\T'.
Finding duplicate cells in `\T'.
Finding identical cells in module `\S4'.
Computing hashes of 4 cells of `\S4'.
Finding duplicate cells in `\S4'.
Finding identical cells in module `\table_lookup'.
Computing hashes of 4 cells of `\table_lookup'.
Finding duplicate cells in `\table_lookup'.
Finding identical cells in module `\final_round'.
Computing hashes of 9 cells of `\final_round'.
Finding duplicate cells in `\final_round'.
Finding identical cells in module `\one_round'.
Computing hashes of 21 cells of `\one_round'.
Finding duplicate cells in `\one_round'.
Finding identical cells in module `\expand_key_128'.
Computing hashes of 14 cells of `\expand_key_128'.
Finding duplicate cells in `\expand_key_128'.
Finding identical cells in module `\aes_128'.
Computing hashes of 23 cells of `\aes_128'.
Finding duplicate cells in `\aes_128'.
Finding identical cells in module `\Trojan_Trigger'.
Computing hashes of 45 cells of `\Trojan_Trigger'.
Finding duplicate cells in `\Trojan_Trigger'.
Finding identical cells in module `\AM_Transmission'.
Computing hashes of 17 cells of `\AM_Transmission'.
Finding duplicate cells in `\AM_Transmission'.
Removed a total of 0 cells.

9.13. Executing OPT_DFF pass (perform DFF optimizations).

9.14. Executing OPT_CLEAN pass (remove unused cells and wires).
Finding unused cells or wires in module \top..
Finding unused cells or wires in module \xS..
Finding unused cells or wires in module \S..
Finding unused cells or wires in module \T..
Finding unused cells or wires in module \S4..
Finding unused cells or wires in module \table_lookup..
Finding unused cells or wires in module \final_round..
Finding unused cells or wires in module \one_round..
Finding unused cells or wires in module \expand_key_128..
Finding unused cells or wires in module \aes_128..
Finding unused cells or wires in module \Trojan_Trigger..
Finding unused cells or wires in module \AM_Transmission..

9.15. Executing OPT_EXPR pass (perform const folding).
Optimizing module top.
Optimizing module xS.
Optimizing module S.
Optimizing module T.
Optimizing module S4.
Optimizing module table_lookup.
Optimizing module final_round.
Optimizing module one_round.
Optimizing module expand_key_128.
Optimizing module aes_128.
Optimizing module Trojan_Trigger.
Optimizing module AM_Transmission.

9.16. Finished fast OPT passes. (There is nothing left to do.)

10. Executing FLATTEN pass (flatten design).
Deleting now unused module xS.
Deleting now unused module S.
Deleting now unused module T.
Deleting now unused module S4.
Deleting now unused module table_lookup.
Deleting now unused module final_round.
Deleting now unused module one_round.
Deleting now unused module expand_key_128.
Deleting now unused module aes_128.
Deleting now unused module Trojan_Trigger.
Deleting now unused module AM_Transmission.
<suppressed ~42 debug messages>

11. Executing OPT pass (performing simple optimizations).

11.1. Executing OPT_EXPR pass (perform const folding).
Optimizing module top.
<suppressed ~10 debug messages>

11.2. Executing OPT_MERGE pass (detect identical cells).
Finding identical cells in module `\top'.
Computing hashes of 2090 cells of `\top'.
Finding duplicate cells in `\top'.
Removed a total of 0 cells.

11.3. Executing OPT_MUXTREE pass (detect dead branches in mux trees).
Running muxtree optimizer on module \top..
  Creating internal representation of mux trees.
  Evaluating internal representation of mux trees.
  Analyzing evaluation results.
Removed 0 multiplexer ports.
<suppressed ~7 debug messages>

11.4. Executing OPT_REDUCE pass (consolidate $*mux and $reduce_* inputs).
  Optimizing cells in module \top.
Performed a total of 0 changes.

11.5. Executing OPT_MERGE pass (detect identical cells).
Finding identical cells in module `\top'.
Computing hashes of 2090 cells of `\top'.
Finding duplicate cells in `\top'.
Removed a total of 0 cells.

11.6. Executing OPT_DFF pass (perform DFF optimizations).

11.7. Executing OPT_CLEAN pass (remove unused cells and wires).
Finding unused cells or wires in module \top..
Removed 1 unused cells and 11 unused wires.
<suppressed ~3 debug messages>

11.8. Executing OPT_EXPR pass (perform const folding).
Optimizing module top.

11.9. Rerunning OPT passes. (Maybe there is more to do..)

11.10. Executing OPT_MUXTREE pass (detect dead branches in mux trees).
Running muxtree optimizer on module \top..
  Creating internal representation of mux trees.
  Evaluating internal representation of mux trees.
  Analyzing evaluation results.
Removed 0 multiplexer ports.
<suppressed ~7 debug messages>

11.11. Executing OPT_REDUCE pass (consolidate $*mux and $reduce_* inputs).
  Optimizing cells in module \top.
Performed a total of 0 changes.

11.12. Executing OPT_MERGE pass (detect identical cells).
Finding identical cells in module `\top'.
Computing hashes of 2089 cells of `\top'.
Finding duplicate cells in `\top'.
Removed a total of 0 cells.

11.13. Executing OPT_DFF pass (perform DFF optimizations).

11.14. Executing OPT_CLEAN pass (remove unused cells and wires).
Finding unused cells or wires in module \top..

11.15. Executing OPT_EXPR pass (perform const folding).
Optimizing module top.

11.16. Finished fast OPT passes. (There is nothing left to do.)

12. Executing TECHMAP pass (map to technology primitives).

12.1. Executing Verilog-2005 frontend: /home/shreya/oss-cad-suite/lib/../share/yosys/techmap.v
Parsing Verilog input from `/home/shreya/oss-cad-suite/lib/../share/yosys/techmap.v' to AST representation.
Generating RTLIL representation for module `\_90_simplemap_bool_ops'.
Generating RTLIL representation for module `\_90_simplemap_reduce_ops'.
Generating RTLIL representation for module `\_90_simplemap_logic_ops'.
Generating RTLIL representation for module `\_90_simplemap_compare_ops'.
Generating RTLIL representation for module `\_90_simplemap_various'.
Generating RTLIL representation for module `\_90_simplemap_registers'.
Generating RTLIL representation for module `\_90_shift_ops_shr_shl_sshl_sshr'.
Generating RTLIL representation for module `\_90_shift_shiftx'.
Generating RTLIL representation for module `\_90_fa'.
Generating RTLIL representation for module `\_90_lcu_brent_kung'.
Generating RTLIL representation for module `\_90_alu'.
Generating RTLIL representation for module `\_90_macc'.
Generating RTLIL representation for module `\_90_alumacc'.
Generating RTLIL representation for module `$__div_mod_u'.
Generating RTLIL representation for module `$__div_mod_trunc'.
Generating RTLIL representation for module `\_90_div'.
Generating RTLIL representation for module `\_90_mod'.
Generating RTLIL representation for module `$__div_mod_floor'.
Generating RTLIL representation for module `\_90_divfloor'.
Generating RTLIL representation for module `\_90_modfloor'.
Generating RTLIL representation for module `\_90_pow'.
Generating RTLIL representation for module `\_90_demux'.
Generating RTLIL representation for module `\_90_lut'.
Generating RTLIL representation for module `$connect'.
Generating RTLIL representation for module `$input_port'.
Successfully finished Verilog frontend.

12.2. Continuing TECHMAP pass.
Using extmapper simplemap for cells of type $not.
Using extmapper simplemap for cells of type $xor.
Using extmapper simplemap for cells of type $dff.
Using extmapper simplemap for cells of type $and.
Using extmapper simplemap for cells of type $reduce_or.
Using extmapper simplemap for cells of type $dlatch.
Using extmapper simplemap for cells of type $mux.
Using extmapper simplemap for cells of type $logic_and.
Using extmapper simplemap for cells of type $sdffe.
Using extmapper simplemap for cells of type $eq.
Using extmapper simplemap for cells of type $logic_not.
Using extmapper simplemap for cells of type $reduce_bool.
Using extmapper simplemap for cells of type $or.
Running "alumacc" on wrapper $extern:wrap:$add:Y_WIDTH=32:B_WIDTH=32:A_WIDTH=26:B_SIGNED=0:A_SIGNED=0:394426c56d1a028ba8fdd5469b163e04011def47.
Using template $extern:wrap:$add:Y_WIDTH=32:B_WIDTH=32:A_WIDTH=26:B_SIGNED=0:A_SIGNED=0:394426c56d1a028ba8fdd5469b163e04011def47 for cells of type $extern:wrap:$add:Y_WIDTH=32:B_WIDTH=32:A_WIDTH=26:B_SIGNED=0:A_SIGNED=0:394426c56d1a028ba8fdd5469b163e04011def47.
Using extmapper simplemap for cells of type $logic_or.
Using extmapper simplemap for cells of type $sdff.
Using extmapper simplemap for cells of type $aldff.
Using template $paramod$a54505a20ae3d90601910914642f49e8f9eb7e29\_90_alu for cells of type $alu.
Using extmapper simplemap for cells of type $pos.
Using template $paramod\_90_fa\WIDTH=32'00000000000000000000000000100000 for cells of type $fa.
Using template $paramod\_90_lcu_brent_kung\WIDTH=32'00000000000000000000000000100000 for cells of type $lcu.
No more expansions possible.
<suppressed ~1229 debug messages>

13. Executing OPT pass (performing simple optimizations).

13.1. Executing OPT_EXPR pass (perform const folding).
Optimizing module top.
<suppressed ~715 debug messages>

13.2. Executing OPT_MERGE pass (detect identical cells).
Finding identical cells in module `\top'.
Computing hashes of 17149 cells of `\top'.
Finding duplicate cells in `\top'.
Computing hashes of 17017 cells of `\top'.
Finding duplicate cells in `\top'.
Computing hashes of 16972 cells of `\top'.
Finding duplicate cells in `\top'.
Computing hashes of 16955 cells of `\top'.
Finding duplicate cells in `\top'.
Computing hashes of 16948 cells of `\top'.
Finding duplicate cells in `\top'.
Computing hashes of 16945 cells of `\top'.
Finding duplicate cells in `\top'.
Computing hashes of 16944 cells of `\top'.
Finding duplicate cells in `\top'.
<suppressed ~615 debug messages>
Removed a total of 205 cells.

13.3. Executing OPT_MUXTREE pass (detect dead branches in mux trees).
Running muxtree optimizer on module \top..
  Creating internal representation of mux trees.
  No muxes found in this module.
Removed 0 multiplexer ports.

13.4. Executing OPT_REDUCE pass (consolidate $*mux and $reduce_* inputs).
  Optimizing cells in module \top.
Performed a total of 0 changes.

13.5. Executing OPT_MERGE pass (detect identical cells).
Finding identical cells in module `\top'.
Computing hashes of 16944 cells of `\top'.
Finding duplicate cells in `\top'.
Removed a total of 0 cells.

13.6. Executing OPT_DFF pass (perform DFF optimizations).

13.7. Executing OPT_CLEAN pass (remove unused cells and wires).
Finding unused cells or wires in module \top..
Removed 2 unused cells and 179 unused wires.
<suppressed ~3 debug messages>

13.8. Executing OPT_EXPR pass (perform const folding).
Optimizing module top.

13.9. Rerunning OPT passes. (Maybe there is more to do..)

13.10. Executing OPT_MUXTREE pass (detect dead branches in mux trees).
Running muxtree optimizer on module \top..
  Creating internal representation of mux trees.
  No muxes found in this module.
Removed 0 multiplexer ports.

13.11. Executing OPT_REDUCE pass (consolidate $*mux and $reduce_* inputs).
  Optimizing cells in module \top.
Performed a total of 0 changes.

13.12. Executing OPT_MERGE pass (detect identical cells).
Finding identical cells in module `\top'.
Computing hashes of 16942 cells of `\top'.
Finding duplicate cells in `\top'.
Removed a total of 0 cells.

13.13. Executing OPT_DFF pass (perform DFF optimizations).

13.14. Executing OPT_CLEAN pass (remove unused cells and wires).
Finding unused cells or wires in module \top..

13.15. Executing OPT_EXPR pass (perform const folding).
Optimizing module top.

13.16. Finished fast OPT passes. (There is nothing left to do.)

14. Executing ABC pass (technology mapping using ABC).

14.1. Extracting gate netlist of module `\top' to `<abc-temp-dir>/input.blif'..
Replacing 1 occurrences of constant undef bits with constant zero bits

14.1.1. Executed ABC.
Extracted 8813 gates and 14418 wires to a netlist network with 5602 inputs and 3573 outputs.
Running ABC script: <abc-temp-dir>/abc.script
ABC: UC Berkeley, ABC 1.01 (compiled Sep  8 2026 05:10:04)
ABC: abc 01> empty
ABC: abc 01> source <abc-temp-dir>/abc.script
ABC: + read_blif <abc-temp-dir>/input.blif 
ABC: + read_library <abc-temp-dir>/stdcells.genlib 
ABC: + strash 
ABC: + &get -n 
ABC: + &fraig -x 
ABC: + &put 
ABC: + scorr 
ABC: Warning: The network is combinational (run "fraig" or "fraig_sweep").
ABC: + dc2 
ABC: + dretime 
ABC: + strash 
ABC: + &get -n 
ABC: + &dch -f 
ABC: + &nf 
ABC: + &put 
ABC: + write_blif <abc-temp-dir>/output.blif 
ABC: 
ABC: YOSYS_ABC_DONE 

14.1.2. Re-integrating ABC results.
ABC RESULTS:               AND cells:      233
ABC RESULTS:            ANDNOT cells:       14
ABC RESULTS:              NAND cells:        5
ABC RESULTS:               NOR cells:       73
ABC RESULTS:               NOT cells:       18
ABC RESULTS:                OR cells:        3
ABC RESULTS:             ORNOT cells:        1
ABC RESULTS:              XNOR cells:     3333
ABC RESULTS:               XOR cells:     4381
ABC RESULTS:        internal signals:     5243
ABC RESULTS:           input signals:     5602
ABC RESULTS:          output signals:     3573
Removing temp directory.
Removing global temp directory.

15. Executing OPT pass (performing simple optimizations).

15.1. Executing OPT_EXPR pass (perform const folding).
Optimizing module top.

15.2. Executing OPT_MERGE pass (detect identical cells).
Finding identical cells in module `\top'.
Computing hashes of 16190 cells of `\top'.
Finding duplicate cells in `\top'.
Computing hashes of 16189 cells of `\top'.
Finding duplicate cells in `\top'.
<suppressed ~3 debug messages>
Removed a total of 1 cells.

15.3. Executing OPT_MUXTREE pass (detect dead branches in mux trees).
Running muxtree optimizer on module \top..
  Creating internal representation of mux trees.
  No muxes found in this module.
Removed 0 multiplexer ports.

15.4. Executing OPT_REDUCE pass (consolidate $*mux and $reduce_* inputs).
  Optimizing cells in module \top.
Performed a total of 0 changes.

15.5. Executing OPT_MERGE pass (detect identical cells).
Finding identical cells in module `\top'.
Computing hashes of 16189 cells of `\top'.
Finding duplicate cells in `\top'.
Removed a total of 0 cells.

15.6. Executing OPT_DFF pass (perform DFF optimizations).

15.7. Executing OPT_CLEAN pass (remove unused cells and wires).
Finding unused cells or wires in module \top..
Removed 0 unused cells and 9344 unused wires.
<suppressed ~17 debug messages>

15.8. Executing OPT_EXPR pass (perform const folding).
Optimizing module top.

15.9. Rerunning OPT passes. (Maybe there is more to do..)

15.10. Executing OPT_MUXTREE pass (detect dead branches in mux trees).
Running muxtree optimizer on module \top..
  Creating internal representation of mux trees.
  No muxes found in this module.
Removed 0 multiplexer ports.

15.11. Executing OPT_REDUCE pass (consolidate $*mux and $reduce_* inputs).
  Optimizing cells in module \top.
Performed a total of 0 changes.

15.12. Executing OPT_MERGE pass (detect identical cells).
Finding identical cells in module `\top'.
Computing hashes of 16189 cells of `\top'.
Finding duplicate cells in `\top'.
Removed a total of 0 cells.

15.13. Executing OPT_DFF pass (perform DFF optimizations).

15.14. Executing OPT_CLEAN pass (remove unused cells and wires).
Finding unused cells or wires in module \top..

15.15. Executing OPT_EXPR pass (perform const folding).
Optimizing module top.

15.16. Finished fast OPT passes. (There is nothing left to do.)

16. Executing Verilog backend.
Dumping module `\top'.

Warnings: 9 unique messages, 9 total
End of script. Logfile hash: 46aeb31d53, time: 3.30s, user: 2.15s, system: 0.07s, MEM: 65.37 MB peak
Yosys 0.68+201 (git sha1 7c26ff16c-dirty, Release, Clang /usr/bin/clang++ 21.1.8)
Time spent: 42% 1x abc (1 sec), 20% 9x opt_clean (0 sec), ...

