
 /----------------------------------------------------------------------------\
 |  yosys -- Yosys Open SYnthesis Suite                                       |
 |  Copyright (C) 2012 - 2026  Claire Xenia Wolf <claire@yosyshq.com>         |
 |  Distributed under an ISC-like license, type "license" to see terms        |
 \----------------------------------------------------------------------------/
 Yosys 0.68+201 (git sha1 7c26ff16c-dirty, Release, Clang /usr/bin/clang++ 21.1.8)

-- Executing script file `/home/shreya/CAPSTONE/results/gnn/netlists/RS232/RS232-T901/standard.ys' --

1. Executing Verilog-2005 frontend: /home/shreya/CAPSTONE/results/gnn/netlists/RS232/RS232-T901/standard_patched_src/u_rec.v
Parsing Verilog input from `/home/shreya/CAPSTONE/results/gnn/netlists/RS232/RS232-T901/standard_patched_src/u_rec.v' to AST representation.
Generating RTLIL representation for module `\u_rec'.
Note: Assuming pure combinatorial block at /home/shreya/CAPSTONE/results/gnn/netlists/RS232/RS232-T901/standard_patched_src/u_rec.v:85.1-155.4 in
compliance with IEC 62142(E):2005 / IEEE Std. 1364.1(E):2002. Recommending
use of @* instead of @(...) for better match of synthesis and simulation.
Successfully finished Verilog frontend.

2. Executing Verilog-2005 frontend: /home/shreya/CAPSTONE/results/gnn/netlists/RS232/RS232-T901/standard_patched_src/u_xmit.v
Parsing Verilog input from `/home/shreya/CAPSTONE/results/gnn/netlists/RS232/RS232-T901/standard_patched_src/u_xmit.v' to AST representation.
Generating RTLIL representation for module `\u_xmit'.
Note: Assuming pure combinatorial block at /home/shreya/CAPSTONE/results/gnn/netlists/RS232/RS232-T901/standard_patched_src/u_xmit.v:42.1-49.10 in
compliance with IEC 62142(E):2005 / IEEE Std. 1364.1(E):2002. Recommending
use of @* instead of @(...) for better match of synthesis and simulation.
Note: Assuming pure combinatorial block at /home/shreya/CAPSTONE/results/gnn/netlists/RS232/RS232-T901/standard_patched_src/u_xmit.v:81.1-187.4 in
compliance with IEC 62142(E):2005 / IEEE Std. 1364.1(E):2002. Recommending
use of @* instead of @(...) for better match of synthesis and simulation.
Successfully finished Verilog frontend.

3. Executing Verilog-2005 frontend: /home/shreya/CAPSTONE/results/gnn/netlists/RS232/RS232-T901/standard_patched_src/uart.v
Parsing Verilog input from `/home/shreya/CAPSTONE/results/gnn/netlists/RS232/RS232-T901/standard_patched_src/uart.v' to AST representation.
Generating RTLIL representation for module `\uart'.
Successfully finished Verilog frontend.

4. Executing HIERARCHY pass (managing design hierarchy).

4.1. Analyzing design hierarchy..
Top module:  \uart
Used module:     \u_rec
Used module:     \u_xmit

4.2. Analyzing design hierarchy..
Top module:  \uart
Used module:     \u_rec
Used module:     \u_xmit
Removed 0 unused modules.

5. Executing PROC pass (convert processes to netlists).

5.1. Executing PROC_CLEAN pass (remove empty switches from decision trees).
Cleaned up 0 empty switches.

5.2. Executing PROC_RMDEAD pass (remove dead branches from decision trees).
Marked 1 switch rules as full_case in process $proc$/home/shreya/CAPSTONE/results/gnn/netlists/RS232/RS232-T901/standard_patched_src/uart.v:80$51 in module uart.
Marked 1 switch rules as full_case in process $proc$/home/shreya/CAPSTONE/results/gnn/netlists/RS232/RS232-T901/standard_patched_src/uart.v:70$49 in module uart.
Marked 1 switch rules as full_case in process $proc$/home/shreya/CAPSTONE/results/gnn/netlists/RS232/RS232-T901/standard_patched_src/u_xmit.v:235$47 in module u_xmit.
Marked 6 switch rules as full_case in process $proc$/home/shreya/CAPSTONE/results/gnn/netlists/RS232/RS232-T901/standard_patched_src/u_xmit.v:193$40 in module u_xmit.
Marked 1 switch rules as full_case in process $proc$/home/shreya/CAPSTONE/results/gnn/netlists/RS232/RS232-T901/standard_patched_src/u_xmit.v:189$37 in module u_xmit.
Marked 8 switch rules as full_case in process $proc$/home/shreya/CAPSTONE/results/gnn/netlists/RS232/RS232-T901/standard_patched_src/u_xmit.v:81$32 in module u_xmit.
Marked 1 switch rules as full_case in process $proc$/home/shreya/CAPSTONE/results/gnn/netlists/RS232/RS232-T901/standard_patched_src/u_xmit.v:76$30 in module u_xmit.
Marked 2 switch rules as full_case in process $proc$/home/shreya/CAPSTONE/results/gnn/netlists/RS232/RS232-T901/standard_patched_src/u_xmit.v:70$27 in module u_xmit.
Marked 3 switch rules as full_case in process $proc$/home/shreya/CAPSTONE/results/gnn/netlists/RS232/RS232-T901/standard_patched_src/u_xmit.v:59$25 in module u_xmit.
Marked 2 switch rules as full_case in process $proc$/home/shreya/CAPSTONE/results/gnn/netlists/RS232/RS232-T901/standard_patched_src/u_xmit.v:52$22 in module u_xmit.
Removed 1 dead cases from process $proc$/home/shreya/CAPSTONE/results/gnn/netlists/RS232/RS232-T901/standard_patched_src/u_xmit.v:42$21 in module u_xmit.
Marked 1 switch rules as full_case in process $proc$/home/shreya/CAPSTONE/results/gnn/netlists/RS232/RS232-T901/standard_patched_src/u_xmit.v:42$21 in module u_xmit.
Marked 1 switch rules as full_case in process $proc$/home/shreya/CAPSTONE/results/gnn/netlists/RS232/RS232-T901/standard_patched_src/u_rec.v:158$19 in module u_rec.
Marked 6 switch rules as full_case in process $proc$/home/shreya/CAPSTONE/results/gnn/netlists/RS232/RS232-T901/standard_patched_src/u_rec.v:85$13 in module u_rec.
Marked 1 switch rules as full_case in process $proc$/home/shreya/CAPSTONE/results/gnn/netlists/RS232/RS232-T901/standard_patched_src/u_rec.v:80$11 in module u_rec.
Marked 2 switch rules as full_case in process $proc$/home/shreya/CAPSTONE/results/gnn/netlists/RS232/RS232-T901/standard_patched_src/u_rec.v:72$8 in module u_rec.
Marked 1 switch rules as full_case in process $proc$/home/shreya/CAPSTONE/results/gnn/netlists/RS232/RS232-T901/standard_patched_src/u_rec.v:64$6 in module u_rec.
Marked 2 switch rules as full_case in process $proc$/home/shreya/CAPSTONE/results/gnn/netlists/RS232/RS232-T901/standard_patched_src/u_rec.v:58$3 in module u_rec.
Marked 1 switch rules as full_case in process $proc$/home/shreya/CAPSTONE/results/gnn/netlists/RS232/RS232-T901/standard_patched_src/u_rec.v:48$1 in module u_rec.
Removed a total of 1 dead cases.

5.3. Executing PROC_PRUNE pass (remove redundant assignments in processes).
Removed 10 redundant assignments.
Promoted 16 assignments to connections.

5.4. Executing PROC_INIT pass (extract init attributes).

5.5. Executing PROC_ARST pass (detect async resets in processes).
Found async reset \sys_rst_l in `\uart.$proc$/home/shreya/CAPSTONE/results/gnn/netlists/RS232/RS232-T901/standard_patched_src/uart.v:80$51'.
Found async reset \sys_rst_l in `\uart.$proc$/home/shreya/CAPSTONE/results/gnn/netlists/RS232/RS232-T901/standard_patched_src/uart.v:70$49'.
Found async reset \sys_rst_l in `\u_xmit.$proc$/home/shreya/CAPSTONE/results/gnn/netlists/RS232/RS232-T901/standard_patched_src/u_xmit.v:235$47'.
Found async reset \sys_rst_l in `\u_xmit.$proc$/home/shreya/CAPSTONE/results/gnn/netlists/RS232/RS232-T901/standard_patched_src/u_xmit.v:193$40'.
Found async reset \sys_rst_l in `\u_xmit.$proc$/home/shreya/CAPSTONE/results/gnn/netlists/RS232/RS232-T901/standard_patched_src/u_xmit.v:189$37'.
Found async reset \sys_rst_l in `\u_xmit.$proc$/home/shreya/CAPSTONE/results/gnn/netlists/RS232/RS232-T901/standard_patched_src/u_xmit.v:76$30'.
Found async reset \sys_rst_l in `\u_xmit.$proc$/home/shreya/CAPSTONE/results/gnn/netlists/RS232/RS232-T901/standard_patched_src/u_xmit.v:70$27'.
Found async reset \sys_rst_l in `\u_xmit.$proc$/home/shreya/CAPSTONE/results/gnn/netlists/RS232/RS232-T901/standard_patched_src/u_xmit.v:59$25'.
Found async reset \sys_rst_l in `\u_xmit.$proc$/home/shreya/CAPSTONE/results/gnn/netlists/RS232/RS232-T901/standard_patched_src/u_xmit.v:52$22'.
Found async reset \sys_rst_l in `\u_rec.$proc$/home/shreya/CAPSTONE/results/gnn/netlists/RS232/RS232-T901/standard_patched_src/u_rec.v:158$19'.
Found async reset \sys_rst_l in `\u_rec.$proc$/home/shreya/CAPSTONE/results/gnn/netlists/RS232/RS232-T901/standard_patched_src/u_rec.v:80$11'.
Found async reset \sys_rst_l in `\u_rec.$proc$/home/shreya/CAPSTONE/results/gnn/netlists/RS232/RS232-T901/standard_patched_src/u_rec.v:72$8'.
Found async reset \sys_rst_l in `\u_rec.$proc$/home/shreya/CAPSTONE/results/gnn/netlists/RS232/RS232-T901/standard_patched_src/u_rec.v:64$6'.
Found async reset \sys_rst_l in `\u_rec.$proc$/home/shreya/CAPSTONE/results/gnn/netlists/RS232/RS232-T901/standard_patched_src/u_rec.v:58$3'.
Found async reset \sys_rst_l in `\u_rec.$proc$/home/shreya/CAPSTONE/results/gnn/netlists/RS232/RS232-T901/standard_patched_src/u_rec.v:48$1'.

5.6. Executing PROC_ROM pass (convert switches to ROMs).
Converted 0 switches.
<suppressed ~31 debug messages>

5.7. Executing PROC_MUX pass (convert decision trees to multiplexers).
Creating decoders for process `\uart.$proc$/home/shreya/CAPSTONE/results/gnn/netlists/RS232/RS232-T901/standard_patched_src/uart.v:80$51'.
     1/1: $0\rec_dataH_temp[7:0]
Creating decoders for process `\uart.$proc$/home/shreya/CAPSTONE/results/gnn/netlists/RS232/RS232-T901/standard_patched_src/uart.v:70$49'.
     1/1: $1\rec_dataH[7:0]
Creating decoders for process `\u_xmit.$proc$/home/shreya/CAPSTONE/results/gnn/netlists/RS232/RS232-T901/standard_patched_src/u_xmit.v:235$47'.
     1/1: $0\xmit_doneH[0:0]
Creating decoders for process `\u_xmit.$proc$/home/shreya/CAPSTONE/results/gnn/netlists/RS232/RS232-T901/standard_patched_src/u_xmit.v:193$40'.
     1/1: $0\state_DataSend[2:0]
Creating decoders for process `\u_xmit.$proc$/home/shreya/CAPSTONE/results/gnn/netlists/RS232/RS232-T901/standard_patched_src/u_xmit.v:189$37'.
     1/1: $0\DataSend_ena[0:0]
Creating decoders for process `\u_xmit.$proc$/home/shreya/CAPSTONE/results/gnn/netlists/RS232/RS232-T901/standard_patched_src/u_xmit.v:81$32'.
     1/30: $3\xmit_doneInH[0:0]
     2/30: $8\next_state[2:0]
     3/30: $5\countEnaH[0:0]
     4/30: $7\next_state[2:0]
     5/30: $3\ena_bitCountH[0:0]
     6/30: $2\ena_bitCountH[0:0]
     7/30: $6\next_state[2:0]
     8/30: $4\countEnaH[0:0]
     9/30: $3\xmitDataSelH[1:0]
    10/30: $5\next_state[2:0]
    11/30: $4\next_state[2:0]
    12/30: $3\countEnaH[0:0]
    13/30: $2\xmitDataSelH[1:0]
    14/30: $3\next_state[2:0]
    15/30: $2\countEnaH[0:0]
    16/30: $2\load_shiftRegH[0:0]
    17/30: $2\next_state[2:0]
    18/30: $2\xmit_doneInH[0:0]
    19/30: $2\rst_bitCountH[0:0]
    20/30: $1\xmit_doneInH[0:0]
    21/30: $1\rst_bitCountH[0:0]
    22/30: $1\load_shiftRegH[0:0]
    23/30: $1\next_state[2:0]
    24/30: $1\xmitDataSelH[1:0]
    25/30: $1\ena_bitCountH[0:0]
    26/30: $1\countEnaH[0:0]
    27/30: $1\shiftEnaH[0:0]
    28/30: $1\bitCountH[3:0]
    29/30: $1\xmit_ShiftRegH[7:0]
    30/30: $1\bitCell_cntrH[3:0]
Creating decoders for process `\u_xmit.$proc$/home/shreya/CAPSTONE/results/gnn/netlists/RS232/RS232-T901/standard_patched_src/u_xmit.v:76$30'.
     1/1: $0\state[2:0]
Creating decoders for process `\u_xmit.$proc$/home/shreya/CAPSTONE/results/gnn/netlists/RS232/RS232-T901/standard_patched_src/u_xmit.v:70$27'.
     1/1: $0\bitCountH[3:0]
Creating decoders for process `\u_xmit.$proc$/home/shreya/CAPSTONE/results/gnn/netlists/RS232/RS232-T901/standard_patched_src/u_xmit.v:59$25'.
     1/2: $0\xmit_ShiftRegH[7:0] [7]
     2/2: $0\xmit_ShiftRegH[7:0] [6:0]
Creating decoders for process `\u_xmit.$proc$/home/shreya/CAPSTONE/results/gnn/netlists/RS232/RS232-T901/standard_patched_src/u_xmit.v:52$22'.
     1/1: $0\bitCell_cntrH[3:0]
Creating decoders for process `\u_xmit.$proc$/home/shreya/CAPSTONE/results/gnn/netlists/RS232/RS232-T901/standard_patched_src/u_xmit.v:42$21'.
     1/1: $1\uart_xmitH[0:0]
Creating decoders for process `\u_rec.$proc$/home/shreya/CAPSTONE/results/gnn/netlists/RS232/RS232-T901/standard_patched_src/u_rec.v:158$19'.
     1/1: $0\rec_readyH[0:0]
Creating decoders for process `\u_rec.$proc$/home/shreya/CAPSTONE/results/gnn/netlists/RS232/RS232-T901/standard_patched_src/u_rec.v:85$13'.
     1/15: $6\next_state[2:0]
     2/15: $5\next_state[2:0]
     3/15: $3\cntr_resetH[0:0]
     4/15: $4\next_state[2:0]
     5/15: $3\next_state[2:0]
     6/15: $2\cntr_resetH[0:0]
     7/15: $2\next_state[2:0]
     8/15: $2\rec_readyInH[0:0]
     9/15: $2\rstCountH[0:0]
    10/15: $1\rec_readyInH[0:0]
    11/15: $1\rstCountH[0:0]
    12/15: $1\next_state[2:0]
    13/15: $1\countH[0:0]
    14/15: $1\shiftH[0:0]
    15/15: $1\cntr_resetH[0:0]
Creating decoders for process `\u_rec.$proc$/home/shreya/CAPSTONE/results/gnn/netlists/RS232/RS232-T901/standard_patched_src/u_rec.v:80$11'.
     1/1: $0\state[2:0]
Creating decoders for process `\u_rec.$proc$/home/shreya/CAPSTONE/results/gnn/netlists/RS232/RS232-T901/standard_patched_src/u_rec.v:72$8'.
     1/1: $0\recd_bitCntrH[3:0]
Creating decoders for process `\u_rec.$proc$/home/shreya/CAPSTONE/results/gnn/netlists/RS232/RS232-T901/standard_patched_src/u_rec.v:64$6'.
     1/2: $0\par_dataH[7:0] [7]
     2/2: $0\par_dataH[7:0] [6:0]
Creating decoders for process `\u_rec.$proc$/home/shreya/CAPSTONE/results/gnn/netlists/RS232/RS232-T901/standard_patched_src/u_rec.v:58$3'.
     1/1: $0\bitCell_cntrH[3:0]
Creating decoders for process `\u_rec.$proc$/home/shreya/CAPSTONE/results/gnn/netlists/RS232/RS232-T901/standard_patched_src/u_rec.v:48$1'.
     1/2: $0\rec_datH[0:0]
     2/2: $0\rec_datSyncH[0:0]

5.8. Executing PROC_DLATCH pass (convert process syncs to latches).
No latch inferred for signal `\u_xmit.\next_state' from process `\u_xmit.$proc$/home/shreya/CAPSTONE/results/gnn/netlists/RS232/RS232-T901/standard_patched_src/u_xmit.v:81$32'.
No latch inferred for signal `\u_xmit.\load_shiftRegH' from process `\u_xmit.$proc$/home/shreya/CAPSTONE/results/gnn/netlists/RS232/RS232-T901/standard_patched_src/u_xmit.v:81$32'.
No latch inferred for signal `\u_xmit.\shiftEnaH' from process `\u_xmit.$proc$/home/shreya/CAPSTONE/results/gnn/netlists/RS232/RS232-T901/standard_patched_src/u_xmit.v:81$32'.
No latch inferred for signal `\u_xmit.\countEnaH' from process `\u_xmit.$proc$/home/shreya/CAPSTONE/results/gnn/netlists/RS232/RS232-T901/standard_patched_src/u_xmit.v:81$32'.
No latch inferred for signal `\u_xmit.\rst_bitCountH' from process `\u_xmit.$proc$/home/shreya/CAPSTONE/results/gnn/netlists/RS232/RS232-T901/standard_patched_src/u_xmit.v:81$32'.
No latch inferred for signal `\u_xmit.\ena_bitCountH' from process `\u_xmit.$proc$/home/shreya/CAPSTONE/results/gnn/netlists/RS232/RS232-T901/standard_patched_src/u_xmit.v:81$32'.
No latch inferred for signal `\u_xmit.\xmitDataSelH' from process `\u_xmit.$proc$/home/shreya/CAPSTONE/results/gnn/netlists/RS232/RS232-T901/standard_patched_src/u_xmit.v:81$32'.
No latch inferred for signal `\u_xmit.\xmit_doneInH' from process `\u_xmit.$proc$/home/shreya/CAPSTONE/results/gnn/netlists/RS232/RS232-T901/standard_patched_src/u_xmit.v:81$32'.
Warning: Latch inferred for signal `\u_xmit.\bitCell_cntrH' from process `\u_xmit.$proc$/home/shreya/CAPSTONE/results/gnn/netlists/RS232/RS232-T901/standard_patched_src/u_xmit.v:81$32': $auto$proc_dlatch.cc:543:proc_dlatch$537
Warning: Latch inferred for signal `\u_xmit.\xmit_ShiftRegH' from process `\u_xmit.$proc$/home/shreya/CAPSTONE/results/gnn/netlists/RS232/RS232-T901/standard_patched_src/u_xmit.v:81$32': $auto$proc_dlatch.cc:543:proc_dlatch$564
Warning: Latch inferred for signal `\u_xmit.\bitCountH' from process `\u_xmit.$proc$/home/shreya/CAPSTONE/results/gnn/netlists/RS232/RS232-T901/standard_patched_src/u_xmit.v:81$32': $auto$proc_dlatch.cc:543:proc_dlatch$585
No latch inferred for signal `\u_xmit.\uart_xmitH' from process `\u_xmit.$proc$/home/shreya/CAPSTONE/results/gnn/netlists/RS232/RS232-T901/standard_patched_src/u_xmit.v:42$21'.
No latch inferred for signal `\u_rec.\next_state' from process `\u_rec.$proc$/home/shreya/CAPSTONE/results/gnn/netlists/RS232/RS232-T901/standard_patched_src/u_rec.v:85$13'.
No latch inferred for signal `\u_rec.\cntr_resetH' from process `\u_rec.$proc$/home/shreya/CAPSTONE/results/gnn/netlists/RS232/RS232-T901/standard_patched_src/u_rec.v:85$13'.
No latch inferred for signal `\u_rec.\shiftH' from process `\u_rec.$proc$/home/shreya/CAPSTONE/results/gnn/netlists/RS232/RS232-T901/standard_patched_src/u_rec.v:85$13'.
No latch inferred for signal `\u_rec.\countH' from process `\u_rec.$proc$/home/shreya/CAPSTONE/results/gnn/netlists/RS232/RS232-T901/standard_patched_src/u_rec.v:85$13'.
No latch inferred for signal `\u_rec.\rstCountH' from process `\u_rec.$proc$/home/shreya/CAPSTONE/results/gnn/netlists/RS232/RS232-T901/standard_patched_src/u_rec.v:85$13'.
No latch inferred for signal `\u_rec.\rec_readyInH' from process `\u_rec.$proc$/home/shreya/CAPSTONE/results/gnn/netlists/RS232/RS232-T901/standard_patched_src/u_rec.v:85$13'.

5.9. Executing PROC_DFF pass (convert process syncs to FFs).
Creating register for signal `\uart.\rec_dataH_temp' using process `\uart.$proc$/home/shreya/CAPSTONE/results/gnn/netlists/RS232/RS232-T901/standard_patched_src/uart.v:80$51'.
  created $adff cell `$procdff$596' with positive edge clock and positive level reset.
Creating register for signal `\uart.\rec_dataH' using process `\uart.$proc$/home/shreya/CAPSTONE/results/gnn/netlists/RS232/RS232-T901/standard_patched_src/uart.v:70$49'.
  created $adff cell `$procdff$601' with positive edge clock and positive level reset.
Creating register for signal `\u_xmit.\xmit_doneH' using process `\u_xmit.$proc$/home/shreya/CAPSTONE/results/gnn/netlists/RS232/RS232-T901/standard_patched_src/u_xmit.v:235$47'.
  created $adff cell `$procdff$606' with positive edge clock and positive level reset.
Creating register for signal `\u_xmit.\state_DataSend' using process `\u_xmit.$proc$/home/shreya/CAPSTONE/results/gnn/netlists/RS232/RS232-T901/standard_patched_src/u_xmit.v:193$40'.
  created $adff cell `$procdff$611' with positive edge clock and positive level reset.
Creating register for signal `\u_xmit.\DataSend_ena' using process `\u_xmit.$proc$/home/shreya/CAPSTONE/results/gnn/netlists/RS232/RS232-T901/standard_patched_src/u_xmit.v:189$37'.
  created $adff cell `$procdff$616' with positive edge clock and positive level reset.
Creating register for signal `\u_xmit.\state' using process `\u_xmit.$proc$/home/shreya/CAPSTONE/results/gnn/netlists/RS232/RS232-T901/standard_patched_src/u_xmit.v:76$30'.
  created $adff cell `$procdff$621' with positive edge clock and positive level reset.
Creating register for signal `\u_xmit.\bitCountH' using process `\u_xmit.$proc$/home/shreya/CAPSTONE/results/gnn/netlists/RS232/RS232-T901/standard_patched_src/u_xmit.v:70$27'.
  created $adff cell `$procdff$626' with positive edge clock and positive level reset.
Creating register for signal `\u_xmit.\xmit_ShiftRegH' using process `\u_xmit.$proc$/home/shreya/CAPSTONE/results/gnn/netlists/RS232/RS232-T901/standard_patched_src/u_xmit.v:59$25'.
  created $adff cell `$procdff$631' with positive edge clock and positive level reset.
Creating register for signal `\u_xmit.\bitCell_cntrH' using process `\u_xmit.$proc$/home/shreya/CAPSTONE/results/gnn/netlists/RS232/RS232-T901/standard_patched_src/u_xmit.v:52$22'.
  created $adff cell `$procdff$636' with positive edge clock and positive level reset.
Creating register for signal `\u_rec.\rec_readyH' using process `\u_rec.$proc$/home/shreya/CAPSTONE/results/gnn/netlists/RS232/RS232-T901/standard_patched_src/u_rec.v:158$19'.
  created $adff cell `$procdff$641' with positive edge clock and positive level reset.
Creating register for signal `\u_rec.\state' using process `\u_rec.$proc$/home/shreya/CAPSTONE/results/gnn/netlists/RS232/RS232-T901/standard_patched_src/u_rec.v:80$11'.
  created $adff cell `$procdff$646' with positive edge clock and positive level reset.
Creating register for signal `\u_rec.\recd_bitCntrH' using process `\u_rec.$proc$/home/shreya/CAPSTONE/results/gnn/netlists/RS232/RS232-T901/standard_patched_src/u_rec.v:72$8'.
  created $adff cell `$procdff$651' with positive edge clock and positive level reset.
Creating register for signal `\u_rec.\par_dataH' using process `\u_rec.$proc$/home/shreya/CAPSTONE/results/gnn/netlists/RS232/RS232-T901/standard_patched_src/u_rec.v:64$6'.
  created $adff cell `$procdff$656' with positive edge clock and positive level reset.
Creating register for signal `\u_rec.\bitCell_cntrH' using process `\u_rec.$proc$/home/shreya/CAPSTONE/results/gnn/netlists/RS232/RS232-T901/standard_patched_src/u_rec.v:58$3'.
  created $adff cell `$procdff$661' with positive edge clock and positive level reset.
Creating register for signal `\u_rec.\rec_datH' using process `\u_rec.$proc$/home/shreya/CAPSTONE/results/gnn/netlists/RS232/RS232-T901/standard_patched_src/u_rec.v:48$1'.
  created $adff cell `$procdff$666' with positive edge clock and positive level reset.
Creating register for signal `\u_rec.\rec_datSyncH' using process `\u_rec.$proc$/home/shreya/CAPSTONE/results/gnn/netlists/RS232/RS232-T901/standard_patched_src/u_rec.v:48$1'.
  created $adff cell `$procdff$671' with positive edge clock and positive level reset.

5.10. Executing PROC_MEMWR pass (convert process memory writes to cells).

5.11. Executing PROC_CLEAN pass (remove empty switches from decision trees).
Removing empty process `uart.$proc$/home/shreya/CAPSTONE/results/gnn/netlists/RS232/RS232-T901/standard_patched_src/uart.v:80$51'.
Removing empty process `uart.$proc$/home/shreya/CAPSTONE/results/gnn/netlists/RS232/RS232-T901/standard_patched_src/uart.v:70$49'.
Removing empty process `u_xmit.$proc$/home/shreya/CAPSTONE/results/gnn/netlists/RS232/RS232-T901/standard_patched_src/u_xmit.v:235$47'.
Found and cleaned up 6 empty switches in `\u_xmit.$proc$/home/shreya/CAPSTONE/results/gnn/netlists/RS232/RS232-T901/standard_patched_src/u_xmit.v:193$40'.
Removing empty process `u_xmit.$proc$/home/shreya/CAPSTONE/results/gnn/netlists/RS232/RS232-T901/standard_patched_src/u_xmit.v:193$40'.
Found and cleaned up 1 empty switch in `\u_xmit.$proc$/home/shreya/CAPSTONE/results/gnn/netlists/RS232/RS232-T901/standard_patched_src/u_xmit.v:189$37'.
Removing empty process `u_xmit.$proc$/home/shreya/CAPSTONE/results/gnn/netlists/RS232/RS232-T901/standard_patched_src/u_xmit.v:189$37'.
Found and cleaned up 8 empty switches in `\u_xmit.$proc$/home/shreya/CAPSTONE/results/gnn/netlists/RS232/RS232-T901/standard_patched_src/u_xmit.v:81$32'.
Removing empty process `u_xmit.$proc$/home/shreya/CAPSTONE/results/gnn/netlists/RS232/RS232-T901/standard_patched_src/u_xmit.v:81$32'.
Removing empty process `u_xmit.$proc$/home/shreya/CAPSTONE/results/gnn/netlists/RS232/RS232-T901/standard_patched_src/u_xmit.v:76$30'.
Found and cleaned up 2 empty switches in `\u_xmit.$proc$/home/shreya/CAPSTONE/results/gnn/netlists/RS232/RS232-T901/standard_patched_src/u_xmit.v:70$27'.
Removing empty process `u_xmit.$proc$/home/shreya/CAPSTONE/results/gnn/netlists/RS232/RS232-T901/standard_patched_src/u_xmit.v:70$27'.
Found and cleaned up 2 empty switches in `\u_xmit.$proc$/home/shreya/CAPSTONE/results/gnn/netlists/RS232/RS232-T901/standard_patched_src/u_xmit.v:59$25'.
Removing empty process `u_xmit.$proc$/home/shreya/CAPSTONE/results/gnn/netlists/RS232/RS232-T901/standard_patched_src/u_xmit.v:59$25'.
Found and cleaned up 1 empty switch in `\u_xmit.$proc$/home/shreya/CAPSTONE/results/gnn/netlists/RS232/RS232-T901/standard_patched_src/u_xmit.v:52$22'.
Removing empty process `u_xmit.$proc$/home/shreya/CAPSTONE/results/gnn/netlists/RS232/RS232-T901/standard_patched_src/u_xmit.v:52$22'.
Found and cleaned up 1 empty switch in `\u_xmit.$proc$/home/shreya/CAPSTONE/results/gnn/netlists/RS232/RS232-T901/standard_patched_src/u_xmit.v:42$21'.
Removing empty process `u_xmit.$proc$/home/shreya/CAPSTONE/results/gnn/netlists/RS232/RS232-T901/standard_patched_src/u_xmit.v:42$21'.
Removing empty process `u_rec.$proc$/home/shreya/CAPSTONE/results/gnn/netlists/RS232/RS232-T901/standard_patched_src/u_rec.v:158$19'.
Found and cleaned up 6 empty switches in `\u_rec.$proc$/home/shreya/CAPSTONE/results/gnn/netlists/RS232/RS232-T901/standard_patched_src/u_rec.v:85$13'.
Removing empty process `u_rec.$proc$/home/shreya/CAPSTONE/results/gnn/netlists/RS232/RS232-T901/standard_patched_src/u_rec.v:85$13'.
Removing empty process `u_rec.$proc$/home/shreya/CAPSTONE/results/gnn/netlists/RS232/RS232-T901/standard_patched_src/u_rec.v:80$11'.
Found and cleaned up 2 empty switches in `\u_rec.$proc$/home/shreya/CAPSTONE/results/gnn/netlists/RS232/RS232-T901/standard_patched_src/u_rec.v:72$8'.
Removing empty process `u_rec.$proc$/home/shreya/CAPSTONE/results/gnn/netlists/RS232/RS232-T901/standard_patched_src/u_rec.v:72$8'.
Found and cleaned up 1 empty switch in `\u_rec.$proc$/home/shreya/CAPSTONE/results/gnn/netlists/RS232/RS232-T901/standard_patched_src/u_rec.v:64$6'.
Removing empty process `u_rec.$proc$/home/shreya/CAPSTONE/results/gnn/netlists/RS232/RS232-T901/standard_patched_src/u_rec.v:64$6'.
Found and cleaned up 1 empty switch in `\u_rec.$proc$/home/shreya/CAPSTONE/results/gnn/netlists/RS232/RS232-T901/standard_patched_src/u_rec.v:58$3'.
Removing empty process `u_rec.$proc$/home/shreya/CAPSTONE/results/gnn/netlists/RS232/RS232-T901/standard_patched_src/u_rec.v:58$3'.
Removing empty process `u_rec.$proc$/home/shreya/CAPSTONE/results/gnn/netlists/RS232/RS232-T901/standard_patched_src/u_rec.v:48$1'.
Cleaned up 31 empty switches.

5.12. Executing OPT_EXPR pass (perform const folding).
Optimizing module uart.
<suppressed ~4 debug messages>
Optimizing module u_xmit.
<suppressed ~69 debug messages>
Optimizing module u_rec.
<suppressed ~18 debug messages>

6. Executing OPT pass (performing simple optimizations).

6.1. Executing OPT_EXPR pass (perform const folding).
Optimizing module uart.
Optimizing module u_xmit.
Optimizing module u_rec.

6.2. Executing OPT_MERGE pass (detect identical cells).
Finding identical cells in module `\uart'.
Computing hashes of 8 cells of `\uart'.
Finding duplicate cells in `\uart'.
Computing hashes of 5 cells of `\uart'.
Finding duplicate cells in `\uart'.
<suppressed ~9 debug messages>
Finding identical cells in module `\u_xmit'.
Computing hashes of 186 cells of `\u_xmit'.
Finding duplicate cells in `\u_xmit'.
Computing hashes of 107 cells of `\u_xmit'.
Finding duplicate cells in `\u_xmit'.
Computing hashes of 103 cells of `\u_xmit'.
Finding duplicate cells in `\u_xmit'.
Computing hashes of 102 cells of `\u_xmit'.
Finding duplicate cells in `\u_xmit'.
Computing hashes of 101 cells of `\u_xmit'.
Finding duplicate cells in `\u_xmit'.
<suppressed ~255 debug messages>
Finding identical cells in module `\u_rec'.
Computing hashes of 97 cells of `\u_rec'.
Finding duplicate cells in `\u_rec'.
Computing hashes of 50 cells of `\u_rec'.
Finding duplicate cells in `\u_rec'.
<suppressed ~141 debug messages>
Removed a total of 135 cells.

6.3. Executing OPT_MUXTREE pass (detect dead branches in mux trees).
Running muxtree optimizer on module \uart..
  Creating internal representation of mux trees.
  No muxes found in this module.
Running muxtree optimizer on module \u_xmit..
  Creating internal representation of mux trees.
  Evaluating internal representation of mux trees.
  Analyzing evaluation results.
    dead port 2/2 on $mux $procmux$256.
    dead port 2/2 on $mux $procmux$245.
    dead port 2/2 on $mux $procmux$234.
    dead port 2/2 on $mux $procmux$223.
    dead port 2/2 on $mux $procmux$212.
    dead port 2/2 on $mux $procmux$202.
    dead port 2/2 on $mux $procmux$192.
    dead port 2/2 on $mux $procmux$182.
    dead port 1/2 on $mux $procmux$180.
    dead port 2/2 on $mux $procmux$169.
    dead port 1/2 on $mux $procmux$167.
    dead port 2/2 on $mux $procmux$156.
    dead port 2/2 on $mux $procmux$147.
    dead port 2/2 on $mux $procmux$138.
    dead port 2/2 on $mux $procmux$130.
    dead port 2/2 on $mux $procmux$122.
    dead port 2/2 on $mux $procmux$114.
    dead port 2/2 on $mux $procmux$112.
    dead port 2/2 on $mux $procmux$103.
    dead port 2/2 on $mux $procmux$101.
    dead port 2/2 on $mux $procmux$92.
    dead port 2/2 on $mux $procmux$86.
    dead port 2/2 on $mux $procmux$80.
Running muxtree optimizer on module \u_rec..
  Creating internal representation of mux trees.
  Evaluating internal representation of mux trees.
  Analyzing evaluation results.
    dead port 2/2 on $mux $procmux$465.
    dead port 2/2 on $mux $procmux$455.
    dead port 2/2 on $mux $procmux$445.
    dead port 2/2 on $mux $procmux$435.
    dead port 2/2 on $mux $procmux$426.
    dead port 2/2 on $mux $procmux$417.
    dead port 2/2 on $mux $procmux$415.
    dead port 2/2 on $mux $procmux$405.
    dead port 2/2 on $mux $procmux$397.
    dead port 2/2 on $mux $procmux$389.
    dead port 2/2 on $mux $procmux$387.
Removed 34 multiplexer ports.
<suppressed ~121 debug messages>

6.4. Executing OPT_REDUCE pass (consolidate $*mux and $reduce_* inputs).
  Optimizing cells in module \uart.
  Optimizing cells in module \u_xmit.
    New ctrl vector for $pmux cell $procmux$299: { $auto$opt_reduce.cc:137:opt_pmux$673 $procmux$318_CMP }
    New ctrl vector for $pmux cell $procmux$259: { $procmux$316_CMP $auto$opt_reduce.cc:137:opt_pmux$675 $procmux$354_CMP }
    New ctrl vector for $pmux cell $procmux$375: { $procmux$376_CMP $auto$opt_reduce.cc:137:opt_pmux$677 $procmux$378_CMP }
    New ctrl vector for $pmux cell $procmux$307: { $procmux$316_CMP $auto$opt_reduce.cc:137:opt_pmux$679 $procmux$318_CMP $procmux$320_CMP }
    New ctrl vector for $pmux cell $procmux$267: { $auto$opt_reduce.cc:137:opt_pmux$681 $procmux$354_CMP }
    New ctrl vector for $pmux cell $procmux$291: { $auto$opt_reduce.cc:137:opt_pmux$685 $auto$opt_reduce.cc:137:opt_pmux$683 $procmux$319_CMP $procmux$320_CMP }
    New ctrl vector for $pmux cell $procmux$315: { $auto$opt_reduce.cc:137:opt_pmux$687 $procmux$317_CMP }
    New ctrl vector for $pmux cell $procmux$275: { $auto$opt_reduce.cc:137:opt_pmux$689 $procmux$354_CMP }
  Optimizing cells in module \u_xmit.
  Optimizing cells in module \u_rec.
    New ctrl vector for $pmux cell $procmux$489: { $auto$opt_reduce.cc:137:opt_pmux$691 $procmux$505_CMP }
    New ctrl vector for $pmux cell $procmux$496: { $auto$opt_reduce.cc:137:opt_pmux$693 $procmux$505_CMP }
    New ctrl vector for $pmux cell $procmux$468: { $procmux$504_CMP $auto$opt_reduce.cc:137:opt_pmux$695 $procmux$508_CMP }
    New ctrl vector for $pmux cell $procmux$475: { $auto$opt_reduce.cc:137:opt_pmux$697 $procmux$508_CMP }
    New ctrl vector for $pmux cell $procmux$503: { $auto$opt_reduce.cc:137:opt_pmux$699 $procmux$506_CMP $procmux$507_CMP }
  Optimizing cells in module \u_rec.
Performed a total of 13 changes.

6.5. Executing OPT_MERGE pass (detect identical cells).
Finding identical cells in module `\uart'.
Computing hashes of 5 cells of `\uart'.
Finding duplicate cells in `\uart'.
Finding identical cells in module `\u_xmit'.
Computing hashes of 87 cells of `\u_xmit'.
Finding duplicate cells in `\u_xmit'.
Computing hashes of 84 cells of `\u_xmit'.
Finding duplicate cells in `\u_xmit'.
<suppressed ~9 debug messages>
Finding identical cells in module `\u_rec'.
Computing hashes of 44 cells of `\u_rec'.
Finding duplicate cells in `\u_rec'.
Computing hashes of 42 cells of `\u_rec'.
Finding duplicate cells in `\u_rec'.
Computing hashes of 41 cells of `\u_rec'.
Finding duplicate cells in `\u_rec'.
<suppressed ~9 debug messages>
Removed a total of 6 cells.

6.6. Executing OPT_DFF pass (perform DFF optimizations).
Adding EN signal on $procdff$631 ($adff) from module u_xmit (D = { $procmux$364_Y $procmux$370_Y }, Q = \xmit_ShiftRegH).
Adding EN signal on $procdff$611 ($adff) from module u_xmit (D = $procmux$56_Y, Q = \state_DataSend).
Removing never-active async load on $auto$proc_dlatch.cc:543:proc_dlatch$537 ($adlatch) from module u_xmit.
Removing never-active async load on $auto$proc_dlatch.cc:543:proc_dlatch$564 ($adlatch) from module u_xmit.
Adding EN signal on $procdff$616 ($adff) from module u_xmit (D = 1'1, Q = \DataSend_ena).
Setting constant 0-bit at position 0 on $auto$proc_dlatch.cc:543:proc_dlatch$564 ($dlatch) from module u_xmit.
Setting constant 0-bit at position 1 on $auto$proc_dlatch.cc:543:proc_dlatch$564 ($dlatch) from module u_xmit.
Setting constant 0-bit at position 2 on $auto$proc_dlatch.cc:543:proc_dlatch$564 ($dlatch) from module u_xmit.
Setting constant 0-bit at position 3 on $auto$proc_dlatch.cc:543:proc_dlatch$564 ($dlatch) from module u_xmit.
Setting constant 0-bit at position 4 on $auto$proc_dlatch.cc:543:proc_dlatch$564 ($dlatch) from module u_xmit.
Setting constant 0-bit at position 5 on $auto$proc_dlatch.cc:543:proc_dlatch$564 ($dlatch) from module u_xmit.
Setting constant 0-bit at position 6 on $auto$proc_dlatch.cc:543:proc_dlatch$564 ($dlatch) from module u_xmit.
Setting constant 0-bit at position 7 on $auto$proc_dlatch.cc:543:proc_dlatch$564 ($dlatch) from module u_xmit.
Setting constant 0-bit at position 0 on $auto$proc_dlatch.cc:543:proc_dlatch$537 ($dlatch) from module u_xmit.
Setting constant 0-bit at position 1 on $auto$proc_dlatch.cc:543:proc_dlatch$537 ($dlatch) from module u_xmit.
Setting constant 0-bit at position 2 on $auto$proc_dlatch.cc:543:proc_dlatch$537 ($dlatch) from module u_xmit.
Setting constant 0-bit at position 3 on $auto$proc_dlatch.cc:543:proc_dlatch$537 ($dlatch) from module u_xmit.
Adding EN signal on $procdff$651 ($adff) from module u_rec (D = $procmux$512_Y, Q = \recd_bitCntrH).
Adding EN signal on $procdff$656 ($adff) from module u_rec (D = \rec_datH, Q = \par_dataH [7]).
Adding EN signal on $procdff$656 ($adff) from module u_rec (D = \par_dataH [7:1], Q = \par_dataH [6:0]).

6.7. Executing OPT_CLEAN pass (remove unused cells and wires).
Finding unused cells or wires in module \uart..
Finding unused cells or wires in module \u_xmit..
Warning: Driver-driver conflict for \bitCell_cntrH [0] between cell $procdff$636.Q and constant 1'0 in u_xmit: Resolved using constant.
Warning: Driver-driver conflict for \bitCell_cntrH [1] between cell $procdff$636.Q and constant 1'0 in u_xmit: Resolved using constant.
Warning: Driver-driver conflict for \bitCell_cntrH [2] between cell $procdff$636.Q and constant 1'0 in u_xmit: Resolved using constant.
Warning: Driver-driver conflict for \bitCell_cntrH [3] between cell $procdff$636.Q and constant 1'0 in u_xmit: Resolved using constant.
Warning: Driver-driver conflict for \xmit_ShiftRegH [0] between cell $auto$ff.cc:337:slice$700.Q and constant 1'0 in u_xmit: Resolved using constant.
Warning: Driver-driver conflict for \bitCountH [0] between cell $procdff$626.Q and constant 1'0 in u_xmit: Resolved using constant.
Warning: Driver-driver conflict for \bitCountH [1] between cell $procdff$626.Q and constant 1'0 in u_xmit: Resolved using constant.
Warning: Driver-driver conflict for \bitCountH [2] between cell $procdff$626.Q and constant 1'0 in u_xmit: Resolved using constant.
Warning: Driver-driver conflict for \bitCountH [3] between cell $procdff$626.Q and constant 1'0 in u_xmit: Resolved using constant.
Finding unused cells or wires in module \u_rec..
Removed 36 unused cells and 404 unused wires.
<suppressed ~44 debug messages>

6.8. Executing OPT_EXPR pass (perform const folding).
Optimizing module uart.
Optimizing module u_xmit.
<suppressed ~9 debug messages>
Optimizing module u_rec.
<suppressed ~1 debug messages>

6.9. Rerunning OPT passes. (Maybe there is more to do..)

6.10. Executing OPT_MUXTREE pass (detect dead branches in mux trees).
Running muxtree optimizer on module \uart..
  Creating internal representation of mux trees.
  No muxes found in this module.
Running muxtree optimizer on module \u_xmit..
  Creating internal representation of mux trees.
  Evaluating internal representation of mux trees.
  Analyzing evaluation results.
Running muxtree optimizer on module \u_rec..
  Creating internal representation of mux trees.
  Evaluating internal representation of mux trees.
  Analyzing evaluation results.
Removed 0 multiplexer ports.
<suppressed ~47 debug messages>

6.11. Executing OPT_REDUCE pass (consolidate $*mux and $reduce_* inputs).
  Optimizing cells in module \uart.
  Optimizing cells in module \u_xmit.
    New ctrl vector for $pmux cell $procmux$375: { $procmux$378_CMP $auto$opt_reduce.cc:137:opt_pmux$715 }
    New ctrl vector for $pmux cell $procmux$283: { $procmux$260_CMP $auto$opt_reduce.cc:137:opt_pmux$717 $procmux$148_CMP $procmux$170_CMP $auto$rtlil.cc:3298:And$533 }
    New ctrl vector for $pmux cell $procmux$259: { $auto$rtlil.cc:3298:And$533 $auto$opt_reduce.cc:137:opt_pmux$719 }
    New input vector for $reduce_or cell $auto$opt_reduce.cc:131:opt_pmux$714: { $procmux$379_CMP $procmux$377_CMP $procmux$376_CMP }
    New input vector for $reduce_or cell $auto$opt_reduce.cc:131:opt_pmux$718: { $procmux$261_CMP $procmux$260_CMP $procmux$170_CMP $procmux$148_CMP $procmux$104_CMP }
  Optimizing cells in module \u_xmit.
  Optimizing cells in module \u_rec.
Performed a total of 5 changes.

6.12. Executing OPT_MERGE pass (detect identical cells).
Finding identical cells in module `\uart'.
Computing hashes of 4 cells of `\uart'.
Finding duplicate cells in `\uart'.
Finding identical cells in module `\u_xmit'.
Computing hashes of 48 cells of `\u_xmit'.
Finding duplicate cells in `\u_xmit'.
Computing hashes of 47 cells of `\u_xmit'.
Finding duplicate cells in `\u_xmit'.
<suppressed ~3 debug messages>
Finding identical cells in module `\u_rec'.
Computing hashes of 39 cells of `\u_rec'.
Finding duplicate cells in `\u_rec'.
Removed a total of 1 cells.

6.13. Executing OPT_DFF pass (perform DFF optimizations).

6.14. Executing OPT_CLEAN pass (remove unused cells and wires).
Finding unused cells or wires in module \uart..
Finding unused cells or wires in module \u_xmit..
Finding unused cells or wires in module \u_rec..
Removed 2 unused cells and 11 unused wires.
<suppressed ~3 debug messages>

6.15. Executing OPT_EXPR pass (perform const folding).
Optimizing module uart.
Optimizing module u_xmit.
Optimizing module u_rec.

6.16. Rerunning OPT passes. (Maybe there is more to do..)

6.17. Executing OPT_MUXTREE pass (detect dead branches in mux trees).
Running muxtree optimizer on module \uart..
  Creating internal representation of mux trees.
  No muxes found in this module.
Running muxtree optimizer on module \u_xmit..
  Creating internal representation of mux trees.
  Evaluating internal representation of mux trees.
  Analyzing evaluation results.
Running muxtree optimizer on module \u_rec..
  Creating internal representation of mux trees.
  Evaluating internal representation of mux trees.
  Analyzing evaluation results.
Removed 0 multiplexer ports.
<suppressed ~47 debug messages>

6.18. Executing OPT_REDUCE pass (consolidate $*mux and $reduce_* inputs).
  Optimizing cells in module \uart.
  Optimizing cells in module \u_xmit.
  Optimizing cells in module \u_rec.
Performed a total of 0 changes.

6.19. Executing OPT_MERGE pass (detect identical cells).
Finding identical cells in module `\uart'.
Computing hashes of 4 cells of `\uart'.
Finding duplicate cells in `\uart'.
Finding identical cells in module `\u_xmit'.
Computing hashes of 45 cells of `\u_xmit'.
Finding duplicate cells in `\u_xmit'.
Finding identical cells in module `\u_rec'.
Computing hashes of 39 cells of `\u_rec'.
Finding duplicate cells in `\u_rec'.
Removed a total of 0 cells.

6.20. Executing OPT_DFF pass (perform DFF optimizations).

6.21. Executing OPT_CLEAN pass (remove unused cells and wires).
Finding unused cells or wires in module \uart..
Finding unused cells or wires in module \u_xmit..
Finding unused cells or wires in module \u_rec..

6.22. Executing OPT_EXPR pass (perform const folding).
Optimizing module uart.
Optimizing module u_xmit.
Optimizing module u_rec.

6.23. Finished fast OPT passes. (There is nothing left to do.)

7. Executing FLATTEN pass (flatten design).
Deleting now unused module u_xmit.
Deleting now unused module u_rec.
<suppressed ~2 debug messages>

8. Executing OPT pass (performing simple optimizations).

8.1. Executing OPT_EXPR pass (perform const folding).
Optimizing module uart.

8.2. Executing OPT_MERGE pass (detect identical cells).
Finding identical cells in module `\uart'.
Computing hashes of 88 cells of `\uart'.
Finding duplicate cells in `\uart'.
Removed a total of 0 cells.

8.3. Executing OPT_MUXTREE pass (detect dead branches in mux trees).
Running muxtree optimizer on module \uart..
  Creating internal representation of mux trees.
  Evaluating internal representation of mux trees.
  Analyzing evaluation results.
Removed 0 multiplexer ports.
<suppressed ~47 debug messages>

8.4. Executing OPT_REDUCE pass (consolidate $*mux and $reduce_* inputs).
  Optimizing cells in module \uart.
Performed a total of 0 changes.

8.5. Executing OPT_MERGE pass (detect identical cells).
Finding identical cells in module `\uart'.
Computing hashes of 88 cells of `\uart'.
Finding duplicate cells in `\uart'.
Removed a total of 0 cells.

8.6. Executing OPT_DFF pass (perform DFF optimizations).

8.7. Executing OPT_CLEAN pass (remove unused cells and wires).
Finding unused cells or wires in module \uart..

8.8. Executing OPT_EXPR pass (perform const folding).
Optimizing module uart.

8.9. Finished fast OPT passes. (There is nothing left to do.)

9. Executing TECHMAP pass (map to technology primitives).

9.1. Executing Verilog-2005 frontend: /home/shreya/oss-cad-suite/lib/../share/yosys/techmap.v
Parsing Verilog input from `/home/shreya/oss-cad-suite/lib/../share/yosys/techmap.v' to AST representation.
Generating RTLIL representation for module `\_90_simplemap_bool_ops'.
Generating RTLIL representation for module `\_90_simplemap_reduce_ops'.
Generating RTLIL representation for module `\_90_simplemap_logic_ops'.
Generating RTLIL representation for module `\_90_simplemap_compare_ops'.
Generating RTLIL representation for module `\_90_simplemap_various'.
Generating RTLIL representation for module `\_90_simplemap_registers'.
Generating RTLIL representation for module `\_90_shift_ops_shr_shl_sshl_sshr'.
Generating RTLIL representation for module `\_90_shift_shiftx'.
Generating RTLIL representation for module `\_90_fa'.
Generating RTLIL representation for module `\_90_lcu_brent_kung'.
Generating RTLIL representation for module `\_90_alu'.
Generating RTLIL representation for module `\_90_macc'.
Generating RTLIL representation for module `\_90_alumacc'.
Generating RTLIL representation for module `$__div_mod_u'.
Generating RTLIL representation for module `$__div_mod_trunc'.
Generating RTLIL representation for module `\_90_div'.
Generating RTLIL representation for module `\_90_mod'.
Generating RTLIL representation for module `$__div_mod_floor'.
Generating RTLIL representation for module `\_90_divfloor'.
Generating RTLIL representation for module `\_90_modfloor'.
Generating RTLIL representation for module `\_90_pow'.
Generating RTLIL representation for module `\_90_demux'.
Generating RTLIL representation for module `\_90_lut'.
Generating RTLIL representation for module `$connect'.
Generating RTLIL representation for module `$input_port'.
Successfully finished Verilog frontend.

9.2. Continuing TECHMAP pass.
Using extmapper simplemap for cells of type $eq.
Using extmapper simplemap for cells of type $pmux.
Running "alumacc" on wrapper $extern:wrap:$add:Y_WIDTH=32:B_WIDTH=32:A_WIDTH=4:B_SIGNED=0:A_SIGNED=0:394426c56d1a028ba8fdd5469b163e04011def47.
Using template $extern:wrap:$add:Y_WIDTH=32:B_WIDTH=32:A_WIDTH=4:B_SIGNED=0:A_SIGNED=0:394426c56d1a028ba8fdd5469b163e04011def47 for cells of type $extern:wrap:$add:Y_WIDTH=32:B_WIDTH=32:A_WIDTH=4:B_SIGNED=0:A_SIGNED=0:394426c56d1a028ba8fdd5469b163e04011def47.
Using extmapper simplemap for cells of type $reduce_bool.
Using extmapper simplemap for cells of type $mux.
Using extmapper simplemap for cells of type $reduce_or.
Using extmapper simplemap for cells of type $adff.
Using extmapper simplemap for cells of type $adffe.
Using extmapper simplemap for cells of type $logic_not.
Using template $paramod$a7817265ef3ab2ee43da53bbd8a90f6450d412d9\_90_alu for cells of type $alu.
Using extmapper simplemap for cells of type $not.
Using extmapper simplemap for cells of type $pos.
Using template $paramod\_90_fa\WIDTH=32'00000000000000000000000000100000 for cells of type $fa.
Using template $paramod\_90_lcu_brent_kung\WIDTH=32'00000000000000000000000000100000 for cells of type $lcu.
Using extmapper simplemap for cells of type $xor.
Using extmapper simplemap for cells of type $and.
Using extmapper simplemap for cells of type $or.
No more expansions possible.
<suppressed ~630 debug messages>

10. Executing OPT pass (performing simple optimizations).

10.1. Executing OPT_EXPR pass (perform const folding).
Optimizing module uart.
<suppressed ~989 debug messages>

10.2. Executing OPT_MERGE pass (detect identical cells).
Finding identical cells in module `\uart'.
Computing hashes of 374 cells of `\uart'.
Finding duplicate cells in `\uart'.
Computing hashes of 311 cells of `\uart'.
Finding duplicate cells in `\uart'.
Computing hashes of 298 cells of `\uart'.
Finding duplicate cells in `\uart'.
Computing hashes of 295 cells of `\uart'.
Finding duplicate cells in `\uart'.
<suppressed ~237 debug messages>
Removed a total of 79 cells.

10.3. Executing OPT_MUXTREE pass (detect dead branches in mux trees).
Running muxtree optimizer on module \uart..
  Creating internal representation of mux trees.
  No muxes found in this module.
Removed 0 multiplexer ports.

10.4. Executing OPT_REDUCE pass (consolidate $*mux and $reduce_* inputs).
  Optimizing cells in module \uart.
Performed a total of 0 changes.

10.5. Executing OPT_MERGE pass (detect identical cells).
Finding identical cells in module `\uart'.
Computing hashes of 295 cells of `\uart'.
Finding duplicate cells in `\uart'.
Removed a total of 0 cells.

10.6. Executing OPT_DFF pass (perform DFF optimizations).

10.7. Executing OPT_CLEAN pass (remove unused cells and wires).
Finding unused cells or wires in module \uart..
Removed 5 unused cells and 485 unused wires.
<suppressed ~6 debug messages>

10.8. Executing OPT_EXPR pass (perform const folding).
Optimizing module uart.

10.9. Rerunning OPT passes. (Maybe there is more to do..)

10.10. Executing OPT_MUXTREE pass (detect dead branches in mux trees).
Running muxtree optimizer on module \uart..
  Creating internal representation of mux trees.
  No muxes found in this module.
Removed 0 multiplexer ports.

10.11. Executing OPT_REDUCE pass (consolidate $*mux and $reduce_* inputs).
  Optimizing cells in module \uart.
Performed a total of 0 changes.

10.12. Executing OPT_MERGE pass (detect identical cells).
Finding identical cells in module `\uart'.
Computing hashes of 290 cells of `\uart'.
Finding duplicate cells in `\uart'.
Removed a total of 0 cells.

10.13. Executing OPT_DFF pass (perform DFF optimizations).

10.14. Executing OPT_CLEAN pass (remove unused cells and wires).
Finding unused cells or wires in module \uart..

10.15. Executing OPT_EXPR pass (perform const folding).
Optimizing module uart.

10.16. Finished fast OPT passes. (There is nothing left to do.)

11. Executing ABC pass (technology mapping using ABC).

11.1. Extracting gate netlist of module `\uart' to `<abc-temp-dir>/input.blif'..
Replacing 18 occurrences of constant undef bits with constant zero bits

11.1.1. Executed ABC.
Extracted 242 gates and 273 wires to a netlist network with 28 inputs and 24 outputs.
Running ABC script: <abc-temp-dir>/abc.script
ABC: UC Berkeley, ABC 1.01 (compiled Sep  8 2026 05:10:04)
ABC: abc 01> empty
ABC: abc 01> source <abc-temp-dir>/abc.script
ABC: + read_blif <abc-temp-dir>/input.blif 
ABC: + read_library <abc-temp-dir>/stdcells.genlib 
ABC: + strash 
ABC: + &get -n 
ABC: + &fraig -x 
ABC: + &put 
ABC: + scorr 
ABC: Warning: The network is combinational (run "fraig" or "fraig_sweep").
ABC: + dc2 
ABC: + dretime 
ABC: + strash 
ABC: + &get -n 
ABC: + &dch -f 
ABC: + &nf 
ABC: + &put 
ABC: + write_blif <abc-temp-dir>/output.blif 
ABC: 
ABC: YOSYS_ABC_DONE 

11.1.2. Re-integrating ABC results.
ABC RESULTS:               AND cells:       41
ABC RESULTS:            ANDNOT cells:       19
ABC RESULTS:               MUX cells:        2
ABC RESULTS:              NAND cells:       23
ABC RESULTS:               NOR cells:       14
ABC RESULTS:               NOT cells:        1
ABC RESULTS:                OR cells:        6
ABC RESULTS:             ORNOT cells:        5
ABC RESULTS:              XNOR cells:        2
ABC RESULTS:               XOR cells:        1
ABC RESULTS:        internal signals:      221
ABC RESULTS:           input signals:       28
ABC RESULTS:          output signals:       24
Removing temp directory.
Removing global temp directory.

12. Executing OPT pass (performing simple optimizations).

12.1. Executing OPT_EXPR pass (perform const folding).
Optimizing module uart.

12.2. Executing OPT_MERGE pass (detect identical cells).
Finding identical cells in module `\uart'.
Computing hashes of 162 cells of `\uart'.
Finding duplicate cells in `\uart'.
Removed a total of 0 cells.

12.3. Executing OPT_MUXTREE pass (detect dead branches in mux trees).
Running muxtree optimizer on module \uart..
  Creating internal representation of mux trees.
  No muxes found in this module.
Removed 0 multiplexer ports.

12.4. Executing OPT_REDUCE pass (consolidate $*mux and $reduce_* inputs).
  Optimizing cells in module \uart.
Performed a total of 0 changes.

12.5. Executing OPT_MERGE pass (detect identical cells).
Finding identical cells in module `\uart'.
Computing hashes of 162 cells of `\uart'.
Finding duplicate cells in `\uart'.
Removed a total of 0 cells.

12.6. Executing OPT_DFF pass (perform DFF optimizations).

12.7. Executing OPT_CLEAN pass (remove unused cells and wires).
Finding unused cells or wires in module \uart..
Removed 0 unused cells and 228 unused wires.
<suppressed ~4 debug messages>

12.8. Executing OPT_EXPR pass (perform const folding).
Optimizing module uart.

12.9. Rerunning OPT passes. (Maybe there is more to do..)

12.10. Executing OPT_MUXTREE pass (detect dead branches in mux trees).
Running muxtree optimizer on module \uart..
  Creating internal representation of mux trees.
  No muxes found in this module.
Removed 0 multiplexer ports.

12.11. Executing OPT_REDUCE pass (consolidate $*mux and $reduce_* inputs).
  Optimizing cells in module \uart.
Performed a total of 0 changes.

12.12. Executing OPT_MERGE pass (detect identical cells).
Finding identical cells in module `\uart'.
Computing hashes of 162 cells of `\uart'.
Finding duplicate cells in `\uart'.
Removed a total of 0 cells.

12.13. Executing OPT_DFF pass (perform DFF optimizations).

12.14. Executing OPT_CLEAN pass (remove unused cells and wires).
Finding unused cells or wires in module \uart..

12.15. Executing OPT_EXPR pass (perform const folding).
Optimizing module uart.

12.16. Finished fast OPT passes. (There is nothing left to do.)

13. Executing Verilog backend.
Dumping module `\uart'.

Warnings: 12 unique messages, 12 total
End of script. Logfile hash: 5d056ea970, time: 0.14s, user: 0.08s, system: 0.01s, MEM: 23.38 MB peak
Yosys 0.68+201 (git sha1 7c26ff16c-dirty, Release, Clang /usr/bin/clang++ 21.1.8)
Time spent: 43% 1x abc (0 sec), 11% 1x techmap (0 sec), ...

