
 /----------------------------------------------------------------------------\
 |  yosys -- Yosys Open SYnthesis Suite                                       |
 |  Copyright (C) 2012 - 2026  Claire Xenia Wolf <claire@yosyshq.com>         |
 |  Distributed under an ISC-like license, type "license" to see terms        |
 \----------------------------------------------------------------------------/
 Yosys 0.68+201 (git sha1 7c26ff16c-dirty, Release, Clang /usr/bin/clang++ 21.1.8)

-- Executing script file `/home/shreya/HT_detection_GNN/trusthub/netlists/AES/AES-T500/trojan.ys' --

1. Executing Verilog-2005 frontend: /home/shreya/HT_detection_GNN/trusthub/AES_unzipped/AES-T500/AES-T500/src/TjIn/TSC.v
Parsing Verilog input from `/home/shreya/HT_detection_GNN/trusthub/AES_unzipped/AES-T500/AES-T500/src/TjIn/TSC.v' to AST representation.
Generating RTLIL representation for module `\TSC'.
Note: Assuming pure combinatorial block at /home/shreya/HT_detection_GNN/trusthub/AES_unzipped/AES-T500/AES-T500/src/TjIn/TSC.v:31.3-37.6 in
compliance with IEC 62142(E):2005 / IEEE Std. 1364.1(E):2002. Recommending
use of @* instead of @(...) for better match of synthesis and simulation.
Note: Assuming pure combinatorial block at /home/shreya/HT_detection_GNN/trusthub/AES_unzipped/AES-T500/AES-T500/src/TjIn/TSC.v:39.3-55.6 in
compliance with IEC 62142(E):2005 / IEEE Std. 1364.1(E):2002. Recommending
use of @* instead of @(...) for better match of synthesis and simulation.
Note: Assuming pure combinatorial block at /home/shreya/HT_detection_GNN/trusthub/AES_unzipped/AES-T500/AES-T500/src/TjIn/TSC.v:57.2-60.5 in
compliance with IEC 62142(E):2005 / IEEE Std. 1364.1(E):2002. Recommending
use of @* instead of @(...) for better match of synthesis and simulation.
Successfully finished Verilog frontend.

2. Executing Verilog-2005 frontend: /home/shreya/HT_detection_GNN/trusthub/AES_unzipped/AES-T500/AES-T500/src/TjIn/aes_128.v
Parsing Verilog input from `/home/shreya/HT_detection_GNN/trusthub/AES_unzipped/AES-T500/AES-T500/src/TjIn/aes_128.v' to AST representation.
Generating RTLIL representation for module `\aes_128'.
Generating RTLIL representation for module `\expand_key_128'.
Successfully finished Verilog frontend.

3. Executing Verilog-2005 frontend: /home/shreya/HT_detection_GNN/trusthub/AES_unzipped/AES-T500/AES-T500/src/TjIn/round.v
Parsing Verilog input from `/home/shreya/HT_detection_GNN/trusthub/AES_unzipped/AES-T500/AES-T500/src/TjIn/round.v' to AST representation.
Generating RTLIL representation for module `\one_round'.
Generating RTLIL representation for module `\final_round'.
Successfully finished Verilog frontend.

4. Executing Verilog-2005 frontend: /home/shreya/HT_detection_GNN/trusthub/AES_unzipped/AES-T500/AES-T500/src/TjIn/table.v
Parsing Verilog input from `/home/shreya/HT_detection_GNN/trusthub/AES_unzipped/AES-T500/AES-T500/src/TjIn/table.v' to AST representation.
Generating RTLIL representation for module `\table_lookup'.
Generating RTLIL representation for module `\S4'.
Generating RTLIL representation for module `\T'.
Generating RTLIL representation for module `\S'.
Generating RTLIL representation for module `\xS'.
Successfully finished Verilog frontend.

5. Executing Verilog-2005 frontend: /home/shreya/HT_detection_GNN/trusthub/AES_unzipped/AES-T500/AES-T500/src/TjIn/top.v
Parsing Verilog input from `/home/shreya/HT_detection_GNN/trusthub/AES_unzipped/AES-T500/AES-T500/src/TjIn/top.v' to AST representation.
Generating RTLIL representation for module `\top'.
Successfully finished Verilog frontend.

6. Executing HIERARCHY pass (managing design hierarchy).

6.1. Analyzing design hierarchy..
Top module:  \top
Used module:     \TSC
Used module:     \aes_128
Used module:         \final_round
Used module:             \S4
Used module:                 \S
Used module:         \one_round
Used module:             \table_lookup
Used module:                 \T
Used module:                     \xS
Used module:         \expand_key_128

6.2. Analyzing design hierarchy..
Top module:  \top
Used module:     \TSC
Used module:     \aes_128
Used module:         \final_round
Used module:             \S4
Used module:                 \S
Used module:         \one_round
Used module:             \table_lookup
Used module:                 \T
Used module:                     \xS
Used module:         \expand_key_128
Removed 0 unused modules.
Mapping positional arguments of cell top.Trojan (TSC).
Mapping positional arguments of cell top.AES (aes_128).
Mapping positional arguments of cell T.s4 (xS).
Mapping positional arguments of cell T.s0 (S).
Mapping positional arguments of cell S4.S_3 (S).
Mapping positional arguments of cell S4.S_2 (S).
Mapping positional arguments of cell S4.S_1 (S).
Mapping positional arguments of cell S4.S_0 (S).
Mapping positional arguments of cell table_lookup.t3 (T).
Mapping positional arguments of cell table_lookup.t2 (T).
Mapping positional arguments of cell table_lookup.t1 (T).
Mapping positional arguments of cell table_lookup.t0 (T).
Mapping positional arguments of cell final_round.S4_4 (S4).
Mapping positional arguments of cell final_round.S4_3 (S4).
Mapping positional arguments of cell final_round.S4_2 (S4).
Mapping positional arguments of cell final_round.S4_1 (S4).
Mapping positional arguments of cell one_round.t3 (table_lookup).
Mapping positional arguments of cell one_round.t2 (table_lookup).
Mapping positional arguments of cell one_round.t1 (table_lookup).
Mapping positional arguments of cell one_round.t0 (table_lookup).
Mapping positional arguments of cell expand_key_128.S4_0 (S4).
Mapping positional arguments of cell aes_128.rf (final_round).
Mapping positional arguments of cell aes_128.r9 (one_round).
Mapping positional arguments of cell aes_128.r8 (one_round).
Mapping positional arguments of cell aes_128.r7 (one_round).
Mapping positional arguments of cell aes_128.r6 (one_round).
Mapping positional arguments of cell aes_128.r5 (one_round).
Mapping positional arguments of cell aes_128.r4 (one_round).
Mapping positional arguments of cell aes_128.r3 (one_round).
Mapping positional arguments of cell aes_128.r2 (one_round).
Mapping positional arguments of cell aes_128.r1 (one_round).
Mapping positional arguments of cell aes_128.a10 (expand_key_128).
Mapping positional arguments of cell aes_128.a9 (expand_key_128).
Mapping positional arguments of cell aes_128.a8 (expand_key_128).
Mapping positional arguments of cell aes_128.a7 (expand_key_128).
Mapping positional arguments of cell aes_128.a6 (expand_key_128).
Mapping positional arguments of cell aes_128.a5 (expand_key_128).
Mapping positional arguments of cell aes_128.a4 (expand_key_128).
Mapping positional arguments of cell aes_128.a3 (expand_key_128).
Mapping positional arguments of cell aes_128.a2 (expand_key_128).
Mapping positional arguments of cell aes_128.a1 (expand_key_128).

7. Executing PROC pass (convert processes to netlists).

7.1. Executing PROC_CLEAN pass (remove empty switches from decision trees).
Cleaned up 0 empty switches.

7.2. Executing PROC_RMDEAD pass (remove dead branches from decision trees).
Marked 1 switch rules as full_case in process $proc$/home/shreya/HT_detection_GNN/trusthub/AES_unzipped/AES-T500/AES-T500/src/TjIn/table.v:331$56 in module xS.
Marked 1 switch rules as full_case in process $proc$/home/shreya/HT_detection_GNN/trusthub/AES_unzipped/AES-T500/AES-T500/src/TjIn/table.v:64$55 in module S.
Marked 4 switch rules as full_case in process $proc$/home/shreya/HT_detection_GNN/trusthub/AES_unzipped/AES-T500/AES-T500/src/TjIn/TSC.v:39$4 in module TSC.
Marked 1 switch rules as full_case in process $proc$/home/shreya/HT_detection_GNN/trusthub/AES_unzipped/AES-T500/AES-T500/src/TjIn/TSC.v:31$1 in module TSC.
Removed a total of 0 dead cases.

7.3. Executing PROC_PRUNE pass (remove redundant assignments in processes).
Removed 2 redundant assignments.
Promoted 7 assignments to connections.

7.4. Executing PROC_INIT pass (extract init attributes).

7.5. Executing PROC_ARST pass (detect async resets in processes).

7.6. Executing PROC_ROM pass (convert switches to ROMs).
Converted 2 switches.
<suppressed ~7 debug messages>

7.7. Executing PROC_MUX pass (convert decision trees to multiplexers).
Creating decoders for process `\xS.$proc$/home/shreya/HT_detection_GNN/trusthub/AES_unzipped/AES-T500/AES-T500/src/TjIn/table.v:331$56'.
     1/1: $0\out[7:0]
Creating decoders for process `\S.$proc$/home/shreya/HT_detection_GNN/trusthub/AES_unzipped/AES-T500/AES-T500/src/TjIn/table.v:64$55'.
     1/1: $0\out[7:0]
Creating decoders for process `\final_round.$proc$/home/shreya/HT_detection_GNN/trusthub/AES_unzipped/AES-T500/AES-T500/src/TjIn/round.v:78$53'.
Creating decoders for process `\one_round.$proc$/home/shreya/HT_detection_GNN/trusthub/AES_unzipped/AES-T500/AES-T500/src/TjIn/round.v:45$48'.
Creating decoders for process `\expand_key_128.$proc$/home/shreya/HT_detection_GNN/trusthub/AES_unzipped/AES-T500/AES-T500/src/TjIn/aes_128.v:88$31'.
Creating decoders for process `\expand_key_128.$proc$/home/shreya/HT_detection_GNN/trusthub/AES_unzipped/AES-T500/AES-T500/src/TjIn/aes_128.v:77$26'.
Creating decoders for process `\aes_128.$proc$/home/shreya/HT_detection_GNN/trusthub/AES_unzipped/AES-T500/AES-T500/src/TjIn/aes_128.v:26$20'.
Creating decoders for process `\TSC.$proc$/home/shreya/HT_detection_GNN/trusthub/AES_unzipped/AES-T500/AES-T500/src/TjIn/TSC.v:57$16'.
Creating decoders for process `\TSC.$proc$/home/shreya/HT_detection_GNN/trusthub/AES_unzipped/AES-T500/AES-T500/src/TjIn/TSC.v:39$4'.
     1/4: $0\State3[0:0]
     2/4: $0\State2[0:0]
     3/4: $0\State1[0:0]
     4/4: $0\State0[0:0]
Creating decoders for process `\TSC.$proc$/home/shreya/HT_detection_GNN/trusthub/AES_unzipped/AES-T500/AES-T500/src/TjIn/TSC.v:31$1'.
     1/1: $0\DynamicPower[127:0]

7.8. Executing PROC_DLATCH pass (convert process syncs to latches).
No latch inferred for signal `\TSC.\Tj_Trig' from process `\TSC.$proc$/home/shreya/HT_detection_GNN/trusthub/AES_unzipped/AES-T500/AES-T500/src/TjIn/TSC.v:57$16'.
Warning: Latch inferred for signal `\TSC.\State0' from process `\TSC.$proc$/home/shreya/HT_detection_GNN/trusthub/AES_unzipped/AES-T500/AES-T500/src/TjIn/TSC.v:39$4': $auto$proc_dlatch.cc:547:proc_dlatch$131
Warning: Latch inferred for signal `\TSC.\State1' from process `\TSC.$proc$/home/shreya/HT_detection_GNN/trusthub/AES_unzipped/AES-T500/AES-T500/src/TjIn/TSC.v:39$4': $auto$proc_dlatch.cc:547:proc_dlatch$162
Warning: Latch inferred for signal `\TSC.\State2' from process `\TSC.$proc$/home/shreya/HT_detection_GNN/trusthub/AES_unzipped/AES-T500/AES-T500/src/TjIn/TSC.v:39$4': $auto$proc_dlatch.cc:547:proc_dlatch$201
Warning: Latch inferred for signal `\TSC.\State3' from process `\TSC.$proc$/home/shreya/HT_detection_GNN/trusthub/AES_unzipped/AES-T500/AES-T500/src/TjIn/TSC.v:39$4': $auto$proc_dlatch.cc:547:proc_dlatch$248
Warning: Latch inferred for signal `\TSC.\DynamicPower [0]' from process `\TSC.$proc$/home/shreya/HT_detection_GNN/trusthub/AES_unzipped/AES-T500/AES-T500/src/TjIn/TSC.v:31$1': $auto$proc_dlatch.cc:543:proc_dlatch$261
Warning: Latch inferred for signal `\TSC.\DynamicPower [1]' from process `\TSC.$proc$/home/shreya/HT_detection_GNN/trusthub/AES_unzipped/AES-T500/AES-T500/src/TjIn/TSC.v:31$1': $auto$proc_dlatch.cc:545:proc_dlatch$270
Warning: Latch inferred for signal `\TSC.\DynamicPower [2]' from process `\TSC.$proc$/home/shreya/HT_detection_GNN/trusthub/AES_unzipped/AES-T500/AES-T500/src/TjIn/TSC.v:31$1': $auto$proc_dlatch.cc:543:proc_dlatch$273
Warning: Latch inferred for signal `\TSC.\DynamicPower [3]' from process `\TSC.$proc$/home/shreya/HT_detection_GNN/trusthub/AES_unzipped/AES-T500/AES-T500/src/TjIn/TSC.v:31$1': $auto$proc_dlatch.cc:545:proc_dlatch$276
Warning: Latch inferred for signal `\TSC.\DynamicPower [4]' from process `\TSC.$proc$/home/shreya/HT_detection_GNN/trusthub/AES_unzipped/AES-T500/AES-T500/src/TjIn/TSC.v:31$1': $auto$proc_dlatch.cc:543:proc_dlatch$279
Warning: Latch inferred for signal `\TSC.\DynamicPower [5]' from process `\TSC.$proc$/home/shreya/HT_detection_GNN/trusthub/AES_unzipped/AES-T500/AES-T500/src/TjIn/TSC.v:31$1': $auto$proc_dlatch.cc:545:proc_dlatch$282
Warning: Latch inferred for signal `\TSC.\DynamicPower [6]' from process `\TSC.$proc$/home/shreya/HT_detection_GNN/trusthub/AES_unzipped/AES-T500/AES-T500/src/TjIn/TSC.v:31$1': $auto$proc_dlatch.cc:543:proc_dlatch$285
Warning: Latch inferred for signal `\TSC.\DynamicPower [7]' from process `\TSC.$proc$/home/shreya/HT_detection_GNN/trusthub/AES_unzipped/AES-T500/AES-T500/src/TjIn/TSC.v:31$1': $auto$proc_dlatch.cc:545:proc_dlatch$288
Warning: Latch inferred for signal `\TSC.\DynamicPower [8]' from process `\TSC.$proc$/home/shreya/HT_detection_GNN/trusthub/AES_unzipped/AES-T500/AES-T500/src/TjIn/TSC.v:31$1': $auto$proc_dlatch.cc:543:proc_dlatch$291
Warning: Latch inferred for signal `\TSC.\DynamicPower [9]' from process `\TSC.$proc$/home/shreya/HT_detection_GNN/trusthub/AES_unzipped/AES-T500/AES-T500/src/TjIn/TSC.v:31$1': $auto$proc_dlatch.cc:545:proc_dlatch$294
Warning: Latch inferred for signal `\TSC.\DynamicPower [10]' from process `\TSC.$proc$/home/shreya/HT_detection_GNN/trusthub/AES_unzipped/AES-T500/AES-T500/src/TjIn/TSC.v:31$1': $auto$proc_dlatch.cc:543:proc_dlatch$297
Warning: Latch inferred for signal `\TSC.\DynamicPower [11]' from process `\TSC.$proc$/home/shreya/HT_detection_GNN/trusthub/AES_unzipped/AES-T500/AES-T500/src/TjIn/TSC.v:31$1': $auto$proc_dlatch.cc:545:proc_dlatch$300
Warning: Latch inferred for signal `\TSC.\DynamicPower [12]' from process `\TSC.$proc$/home/shreya/HT_detection_GNN/trusthub/AES_unzipped/AES-T500/AES-T500/src/TjIn/TSC.v:31$1': $auto$proc_dlatch.cc:543:proc_dlatch$303
Warning: Latch inferred for signal `\TSC.\DynamicPower [13]' from process `\TSC.$proc$/home/shreya/HT_detection_GNN/trusthub/AES_unzipped/AES-T500/AES-T500/src/TjIn/TSC.v:31$1': $auto$proc_dlatch.cc:545:proc_dlatch$306
Warning: Latch inferred for signal `\TSC.\DynamicPower [14]' from process `\TSC.$proc$/home/shreya/HT_detection_GNN/trusthub/AES_unzipped/AES-T500/AES-T500/src/TjIn/TSC.v:31$1': $auto$proc_dlatch.cc:543:proc_dlatch$309
Warning: Latch inferred for signal `\TSC.\DynamicPower [15]' from process `\TSC.$proc$/home/shreya/HT_detection_GNN/trusthub/AES_unzipped/AES-T500/AES-T500/src/TjIn/TSC.v:31$1': $auto$proc_dlatch.cc:545:proc_dlatch$312
Warning: Latch inferred for signal `\TSC.\DynamicPower [16]' from process `\TSC.$proc$/home/shreya/HT_detection_GNN/trusthub/AES_unzipped/AES-T500/AES-T500/src/TjIn/TSC.v:31$1': $auto$proc_dlatch.cc:543:proc_dlatch$315
Warning: Latch inferred for signal `\TSC.\DynamicPower [17]' from process `\TSC.$proc$/home/shreya/HT_detection_GNN/trusthub/AES_unzipped/AES-T500/AES-T500/src/TjIn/TSC.v:31$1': $auto$proc_dlatch.cc:545:proc_dlatch$318
Warning: Latch inferred for signal `\TSC.\DynamicPower [18]' from process `\TSC.$proc$/home/shreya/HT_detection_GNN/trusthub/AES_unzipped/AES-T500/AES-T500/src/TjIn/TSC.v:31$1': $auto$proc_dlatch.cc:543:proc_dlatch$321
Warning: Latch inferred for signal `\TSC.\DynamicPower [19]' from process `\TSC.$proc$/home/shreya/HT_detection_GNN/trusthub/AES_unzipped/AES-T500/AES-T500/src/TjIn/TSC.v:31$1': $auto$proc_dlatch.cc:545:proc_dlatch$324
Warning: Latch inferred for signal `\TSC.\DynamicPower [20]' from process `\TSC.$proc$/home/shreya/HT_detection_GNN/trusthub/AES_unzipped/AES-T500/AES-T500/src/TjIn/TSC.v:31$1': $auto$proc_dlatch.cc:543:proc_dlatch$327
Warning: Latch inferred for signal `\TSC.\DynamicPower [21]' from process `\TSC.$proc$/home/shreya/HT_detection_GNN/trusthub/AES_unzipped/AES-T500/AES-T500/src/TjIn/TSC.v:31$1': $auto$proc_dlatch.cc:545:proc_dlatch$330
Warning: Latch inferred for signal `\TSC.\DynamicPower [22]' from process `\TSC.$proc$/home/shreya/HT_detection_GNN/trusthub/AES_unzipped/AES-T500/AES-T500/src/TjIn/TSC.v:31$1': $auto$proc_dlatch.cc:543:proc_dlatch$333
Warning: Latch inferred for signal `\TSC.\DynamicPower [23]' from process `\TSC.$proc$/home/shreya/HT_detection_GNN/trusthub/AES_unzipped/AES-T500/AES-T500/src/TjIn/TSC.v:31$1': $auto$proc_dlatch.cc:545:proc_dlatch$336
Warning: Latch inferred for signal `\TSC.\DynamicPower [24]' from process `\TSC.$proc$/home/shreya/HT_detection_GNN/trusthub/AES_unzipped/AES-T500/AES-T500/src/TjIn/TSC.v:31$1': $auto$proc_dlatch.cc:543:proc_dlatch$339
Warning: Latch inferred for signal `\TSC.\DynamicPower [25]' from process `\TSC.$proc$/home/shreya/HT_detection_GNN/trusthub/AES_unzipped/AES-T500/AES-T500/src/TjIn/TSC.v:31$1': $auto$proc_dlatch.cc:545:proc_dlatch$342
Warning: Latch inferred for signal `\TSC.\DynamicPower [26]' from process `\TSC.$proc$/home/shreya/HT_detection_GNN/trusthub/AES_unzipped/AES-T500/AES-T500/src/TjIn/TSC.v:31$1': $auto$proc_dlatch.cc:543:proc_dlatch$345
Warning: Latch inferred for signal `\TSC.\DynamicPower [27]' from process `\TSC.$proc$/home/shreya/HT_detection_GNN/trusthub/AES_unzipped/AES-T500/AES-T500/src/TjIn/TSC.v:31$1': $auto$proc_dlatch.cc:545:proc_dlatch$348
Warning: Latch inferred for signal `\TSC.\DynamicPower [28]' from process `\TSC.$proc$/home/shreya/HT_detection_GNN/trusthub/AES_unzipped/AES-T500/AES-T500/src/TjIn/TSC.v:31$1': $auto$proc_dlatch.cc:543:proc_dlatch$351
Warning: Latch inferred for signal `\TSC.\DynamicPower [29]' from process `\TSC.$proc$/home/shreya/HT_detection_GNN/trusthub/AES_unzipped/AES-T500/AES-T500/src/TjIn/TSC.v:31$1': $auto$proc_dlatch.cc:545:proc_dlatch$354
Warning: Latch inferred for signal `\TSC.\DynamicPower [30]' from process `\TSC.$proc$/home/shreya/HT_detection_GNN/trusthub/AES_unzipped/AES-T500/AES-T500/src/TjIn/TSC.v:31$1': $auto$proc_dlatch.cc:543:proc_dlatch$357
Warning: Latch inferred for signal `\TSC.\DynamicPower [31]' from process `\TSC.$proc$/home/shreya/HT_detection_GNN/trusthub/AES_unzipped/AES-T500/AES-T500/src/TjIn/TSC.v:31$1': $auto$proc_dlatch.cc:545:proc_dlatch$360
Warning: Latch inferred for signal `\TSC.\DynamicPower [32]' from process `\TSC.$proc$/home/shreya/HT_detection_GNN/trusthub/AES_unzipped/AES-T500/AES-T500/src/TjIn/TSC.v:31$1': $auto$proc_dlatch.cc:543:proc_dlatch$363
Warning: Latch inferred for signal `\TSC.\DynamicPower [33]' from process `\TSC.$proc$/home/shreya/HT_detection_GNN/trusthub/AES_unzipped/AES-T500/AES-T500/src/TjIn/TSC.v:31$1': $auto$proc_dlatch.cc:545:proc_dlatch$366
Warning: Latch inferred for signal `\TSC.\DynamicPower [34]' from process `\TSC.$proc$/home/shreya/HT_detection_GNN/trusthub/AES_unzipped/AES-T500/AES-T500/src/TjIn/TSC.v:31$1': $auto$proc_dlatch.cc:543:proc_dlatch$369
Warning: Latch inferred for signal `\TSC.\DynamicPower [35]' from process `\TSC.$proc$/home/shreya/HT_detection_GNN/trusthub/AES_unzipped/AES-T500/AES-T500/src/TjIn/TSC.v:31$1': $auto$proc_dlatch.cc:545:proc_dlatch$372
Warning: Latch inferred for signal `\TSC.\DynamicPower [36]' from process `\TSC.$proc$/home/shreya/HT_detection_GNN/trusthub/AES_unzipped/AES-T500/AES-T500/src/TjIn/TSC.v:31$1': $auto$proc_dlatch.cc:543:proc_dlatch$375
Warning: Latch inferred for signal `\TSC.\DynamicPower [37]' from process `\TSC.$proc$/home/shreya/HT_detection_GNN/trusthub/AES_unzipped/AES-T500/AES-T500/src/TjIn/TSC.v:31$1': $auto$proc_dlatch.cc:545:proc_dlatch$378
Warning: Latch inferred for signal `\TSC.\DynamicPower [38]' from process `\TSC.$proc$/home/shreya/HT_detection_GNN/trusthub/AES_unzipped/AES-T500/AES-T500/src/TjIn/TSC.v:31$1': $auto$proc_dlatch.cc:543:proc_dlatch$381
Warning: Latch inferred for signal `\TSC.\DynamicPower [39]' from process `\TSC.$proc$/home/shreya/HT_detection_GNN/trusthub/AES_unzipped/AES-T500/AES-T500/src/TjIn/TSC.v:31$1': $auto$proc_dlatch.cc:545:proc_dlatch$384
Warning: Latch inferred for signal `\TSC.\DynamicPower [40]' from process `\TSC.$proc$/home/shreya/HT_detection_GNN/trusthub/AES_unzipped/AES-T500/AES-T500/src/TjIn/TSC.v:31$1': $auto$proc_dlatch.cc:543:proc_dlatch$387
Warning: Latch inferred for signal `\TSC.\DynamicPower [41]' from process `\TSC.$proc$/home/shreya/HT_detection_GNN/trusthub/AES_unzipped/AES-T500/AES-T500/src/TjIn/TSC.v:31$1': $auto$proc_dlatch.cc:545:proc_dlatch$390
Warning: Latch inferred for signal `\TSC.\DynamicPower [42]' from process `\TSC.$proc$/home/shreya/HT_detection_GNN/trusthub/AES_unzipped/AES-T500/AES-T500/src/TjIn/TSC.v:31$1': $auto$proc_dlatch.cc:543:proc_dlatch$393
Warning: Latch inferred for signal `\TSC.\DynamicPower [43]' from process `\TSC.$proc$/home/shreya/HT_detection_GNN/trusthub/AES_unzipped/AES-T500/AES-T500/src/TjIn/TSC.v:31$1': $auto$proc_dlatch.cc:545:proc_dlatch$396
Warning: Latch inferred for signal `\TSC.\DynamicPower [44]' from process `\TSC.$proc$/home/shreya/HT_detection_GNN/trusthub/AES_unzipped/AES-T500/AES-T500/src/TjIn/TSC.v:31$1': $auto$proc_dlatch.cc:543:proc_dlatch$399
Warning: Latch inferred for signal `\TSC.\DynamicPower [45]' from process `\TSC.$proc$/home/shreya/HT_detection_GNN/trusthub/AES_unzipped/AES-T500/AES-T500/src/TjIn/TSC.v:31$1': $auto$proc_dlatch.cc:545:proc_dlatch$402
Warning: Latch inferred for signal `\TSC.\DynamicPower [46]' from process `\TSC.$proc$/home/shreya/HT_detection_GNN/trusthub/AES_unzipped/AES-T500/AES-T500/src/TjIn/TSC.v:31$1': $auto$proc_dlatch.cc:543:proc_dlatch$405
Warning: Latch inferred for signal `\TSC.\DynamicPower [47]' from process `\TSC.$proc$/home/shreya/HT_detection_GNN/trusthub/AES_unzipped/AES-T500/AES-T500/src/TjIn/TSC.v:31$1': $auto$proc_dlatch.cc:545:proc_dlatch$408
Warning: Latch inferred for signal `\TSC.\DynamicPower [48]' from process `\TSC.$proc$/home/shreya/HT_detection_GNN/trusthub/AES_unzipped/AES-T500/AES-T500/src/TjIn/TSC.v:31$1': $auto$proc_dlatch.cc:543:proc_dlatch$411
Warning: Latch inferred for signal `\TSC.\DynamicPower [49]' from process `\TSC.$proc$/home/shreya/HT_detection_GNN/trusthub/AES_unzipped/AES-T500/AES-T500/src/TjIn/TSC.v:31$1': $auto$proc_dlatch.cc:545:proc_dlatch$414
Warning: Latch inferred for signal `\TSC.\DynamicPower [50]' from process `\TSC.$proc$/home/shreya/HT_detection_GNN/trusthub/AES_unzipped/AES-T500/AES-T500/src/TjIn/TSC.v:31$1': $auto$proc_dlatch.cc:543:proc_dlatch$417
Warning: Latch inferred for signal `\TSC.\DynamicPower [51]' from process `\TSC.$proc$/home/shreya/HT_detection_GNN/trusthub/AES_unzipped/AES-T500/AES-T500/src/TjIn/TSC.v:31$1': $auto$proc_dlatch.cc:545:proc_dlatch$420
Warning: Latch inferred for signal `\TSC.\DynamicPower [52]' from process `\TSC.$proc$/home/shreya/HT_detection_GNN/trusthub/AES_unzipped/AES-T500/AES-T500/src/TjIn/TSC.v:31$1': $auto$proc_dlatch.cc:543:proc_dlatch$423
Warning: Latch inferred for signal `\TSC.\DynamicPower [53]' from process `\TSC.$proc$/home/shreya/HT_detection_GNN/trusthub/AES_unzipped/AES-T500/AES-T500/src/TjIn/TSC.v:31$1': $auto$proc_dlatch.cc:545:proc_dlatch$426
Warning: Latch inferred for signal `\TSC.\DynamicPower [54]' from process `\TSC.$proc$/home/shreya/HT_detection_GNN/trusthub/AES_unzipped/AES-T500/AES-T500/src/TjIn/TSC.v:31$1': $auto$proc_dlatch.cc:543:proc_dlatch$429
Warning: Latch inferred for signal `\TSC.\DynamicPower [55]' from process `\TSC.$proc$/home/shreya/HT_detection_GNN/trusthub/AES_unzipped/AES-T500/AES-T500/src/TjIn/TSC.v:31$1': $auto$proc_dlatch.cc:545:proc_dlatch$432
Warning: Latch inferred for signal `\TSC.\DynamicPower [56]' from process `\TSC.$proc$/home/shreya/HT_detection_GNN/trusthub/AES_unzipped/AES-T500/AES-T500/src/TjIn/TSC.v:31$1': $auto$proc_dlatch.cc:543:proc_dlatch$435
Warning: Latch inferred for signal `\TSC.\DynamicPower [57]' from process `\TSC.$proc$/home/shreya/HT_detection_GNN/trusthub/AES_unzipped/AES-T500/AES-T500/src/TjIn/TSC.v:31$1': $auto$proc_dlatch.cc:545:proc_dlatch$438
Warning: Latch inferred for signal `\TSC.\DynamicPower [58]' from process `\TSC.$proc$/home/shreya/HT_detection_GNN/trusthub/AES_unzipped/AES-T500/AES-T500/src/TjIn/TSC.v:31$1': $auto$proc_dlatch.cc:543:proc_dlatch$441
Warning: Latch inferred for signal `\TSC.\DynamicPower [59]' from process `\TSC.$proc$/home/shreya/HT_detection_GNN/trusthub/AES_unzipped/AES-T500/AES-T500/src/TjIn/TSC.v:31$1': $auto$proc_dlatch.cc:545:proc_dlatch$444
Warning: Latch inferred for signal `\TSC.\DynamicPower [60]' from process `\TSC.$proc$/home/shreya/HT_detection_GNN/trusthub/AES_unzipped/AES-T500/AES-T500/src/TjIn/TSC.v:31$1': $auto$proc_dlatch.cc:543:proc_dlatch$447
Warning: Latch inferred for signal `\TSC.\DynamicPower [61]' from process `\TSC.$proc$/home/shreya/HT_detection_GNN/trusthub/AES_unzipped/AES-T500/AES-T500/src/TjIn/TSC.v:31$1': $auto$proc_dlatch.cc:545:proc_dlatch$450
Warning: Latch inferred for signal `\TSC.\DynamicPower [62]' from process `\TSC.$proc$/home/shreya/HT_detection_GNN/trusthub/AES_unzipped/AES-T500/AES-T500/src/TjIn/TSC.v:31$1': $auto$proc_dlatch.cc:543:proc_dlatch$453
Warning: Latch inferred for signal `\TSC.\DynamicPower [63]' from process `\TSC.$proc$/home/shreya/HT_detection_GNN/trusthub/AES_unzipped/AES-T500/AES-T500/src/TjIn/TSC.v:31$1': $auto$proc_dlatch.cc:545:proc_dlatch$456
Warning: Latch inferred for signal `\TSC.\DynamicPower [64]' from process `\TSC.$proc$/home/shreya/HT_detection_GNN/trusthub/AES_unzipped/AES-T500/AES-T500/src/TjIn/TSC.v:31$1': $auto$proc_dlatch.cc:543:proc_dlatch$459
Warning: Latch inferred for signal `\TSC.\DynamicPower [65]' from process `\TSC.$proc$/home/shreya/HT_detection_GNN/trusthub/AES_unzipped/AES-T500/AES-T500/src/TjIn/TSC.v:31$1': $auto$proc_dlatch.cc:545:proc_dlatch$462
Warning: Latch inferred for signal `\TSC.\DynamicPower [66]' from process `\TSC.$proc$/home/shreya/HT_detection_GNN/trusthub/AES_unzipped/AES-T500/AES-T500/src/TjIn/TSC.v:31$1': $auto$proc_dlatch.cc:543:proc_dlatch$465
Warning: Latch inferred for signal `\TSC.\DynamicPower [67]' from process `\TSC.$proc$/home/shreya/HT_detection_GNN/trusthub/AES_unzipped/AES-T500/AES-T500/src/TjIn/TSC.v:31$1': $auto$proc_dlatch.cc:545:proc_dlatch$468
Warning: Latch inferred for signal `\TSC.\DynamicPower [68]' from process `\TSC.$proc$/home/shreya/HT_detection_GNN/trusthub/AES_unzipped/AES-T500/AES-T500/src/TjIn/TSC.v:31$1': $auto$proc_dlatch.cc:543:proc_dlatch$471
Warning: Latch inferred for signal `\TSC.\DynamicPower [69]' from process `\TSC.$proc$/home/shreya/HT_detection_GNN/trusthub/AES_unzipped/AES-T500/AES-T500/src/TjIn/TSC.v:31$1': $auto$proc_dlatch.cc:545:proc_dlatch$474
Warning: Latch inferred for signal `\TSC.\DynamicPower [70]' from process `\TSC.$proc$/home/shreya/HT_detection_GNN/trusthub/AES_unzipped/AES-T500/AES-T500/src/TjIn/TSC.v:31$1': $auto$proc_dlatch.cc:543:proc_dlatch$477
Warning: Latch inferred for signal `\TSC.\DynamicPower [71]' from process `\TSC.$proc$/home/shreya/HT_detection_GNN/trusthub/AES_unzipped/AES-T500/AES-T500/src/TjIn/TSC.v:31$1': $auto$proc_dlatch.cc:545:proc_dlatch$480
Warning: Latch inferred for signal `\TSC.\DynamicPower [72]' from process `\TSC.$proc$/home/shreya/HT_detection_GNN/trusthub/AES_unzipped/AES-T500/AES-T500/src/TjIn/TSC.v:31$1': $auto$proc_dlatch.cc:543:proc_dlatch$483
Warning: Latch inferred for signal `\TSC.\DynamicPower [73]' from process `\TSC.$proc$/home/shreya/HT_detection_GNN/trusthub/AES_unzipped/AES-T500/AES-T500/src/TjIn/TSC.v:31$1': $auto$proc_dlatch.cc:545:proc_dlatch$486
Warning: Latch inferred for signal `\TSC.\DynamicPower [74]' from process `\TSC.$proc$/home/shreya/HT_detection_GNN/trusthub/AES_unzipped/AES-T500/AES-T500/src/TjIn/TSC.v:31$1': $auto$proc_dlatch.cc:543:proc_dlatch$489
Warning: Latch inferred for signal `\TSC.\DynamicPower [75]' from process `\TSC.$proc$/home/shreya/HT_detection_GNN/trusthub/AES_unzipped/AES-T500/AES-T500/src/TjIn/TSC.v:31$1': $auto$proc_dlatch.cc:545:proc_dlatch$492
Warning: Latch inferred for signal `\TSC.\DynamicPower [76]' from process `\TSC.$proc$/home/shreya/HT_detection_GNN/trusthub/AES_unzipped/AES-T500/AES-T500/src/TjIn/TSC.v:31$1': $auto$proc_dlatch.cc:543:proc_dlatch$495
Warning: Latch inferred for signal `\TSC.\DynamicPower [77]' from process `\TSC.$proc$/home/shreya/HT_detection_GNN/trusthub/AES_unzipped/AES-T500/AES-T500/src/TjIn/TSC.v:31$1': $auto$proc_dlatch.cc:545:proc_dlatch$498
Warning: Latch inferred for signal `\TSC.\DynamicPower [78]' from process `\TSC.$proc$/home/shreya/HT_detection_GNN/trusthub/AES_unzipped/AES-T500/AES-T500/src/TjIn/TSC.v:31$1': $auto$proc_dlatch.cc:543:proc_dlatch$501
Warning: Latch inferred for signal `\TSC.\DynamicPower [79]' from process `\TSC.$proc$/home/shreya/HT_detection_GNN/trusthub/AES_unzipped/AES-T500/AES-T500/src/TjIn/TSC.v:31$1': $auto$proc_dlatch.cc:545:proc_dlatch$504
Warning: Latch inferred for signal `\TSC.\DynamicPower [80]' from process `\TSC.$proc$/home/shreya/HT_detection_GNN/trusthub/AES_unzipped/AES-T500/AES-T500/src/TjIn/TSC.v:31$1': $auto$proc_dlatch.cc:543:proc_dlatch$507
Warning: Latch inferred for signal `\TSC.\DynamicPower [81]' from process `\TSC.$proc$/home/shreya/HT_detection_GNN/trusthub/AES_unzipped/AES-T500/AES-T500/src/TjIn/TSC.v:31$1': $auto$proc_dlatch.cc:545:proc_dlatch$510
Warning: Latch inferred for signal `\TSC.\DynamicPower [82]' from process `\TSC.$proc$/home/shreya/HT_detection_GNN/trusthub/AES_unzipped/AES-T500/AES-T500/src/TjIn/TSC.v:31$1': $auto$proc_dlatch.cc:543:proc_dlatch$513
Warning: Latch inferred for signal `\TSC.\DynamicPower [83]' from process `\TSC.$proc$/home/shreya/HT_detection_GNN/trusthub/AES_unzipped/AES-T500/AES-T500/src/TjIn/TSC.v:31$1': $auto$proc_dlatch.cc:545:proc_dlatch$516
Warning: Latch inferred for signal `\TSC.\DynamicPower [84]' from process `\TSC.$proc$/home/shreya/HT_detection_GNN/trusthub/AES_unzipped/AES-T500/AES-T500/src/TjIn/TSC.v:31$1': $auto$proc_dlatch.cc:543:proc_dlatch$519
Warning: Latch inferred for signal `\TSC.\DynamicPower [85]' from process `\TSC.$proc$/home/shreya/HT_detection_GNN/trusthub/AES_unzipped/AES-T500/AES-T500/src/TjIn/TSC.v:31$1': $auto$proc_dlatch.cc:545:proc_dlatch$522
Warning: Latch inferred for signal `\TSC.\DynamicPower [86]' from process `\TSC.$proc$/home/shreya/HT_detection_GNN/trusthub/AES_unzipped/AES-T500/AES-T500/src/TjIn/TSC.v:31$1': $auto$proc_dlatch.cc:543:proc_dlatch$525
Warning: Latch inferred for signal `\TSC.\DynamicPower [87]' from process `\TSC.$proc$/home/shreya/HT_detection_GNN/trusthub/AES_unzipped/AES-T500/AES-T500/src/TjIn/TSC.v:31$1': $auto$proc_dlatch.cc:545:proc_dlatch$528
Warning: Latch inferred for signal `\TSC.\DynamicPower [88]' from process `\TSC.$proc$/home/shreya/HT_detection_GNN/trusthub/AES_unzipped/AES-T500/AES-T500/src/TjIn/TSC.v:31$1': $auto$proc_dlatch.cc:543:proc_dlatch$531
Warning: Latch inferred for signal `\TSC.\DynamicPower [89]' from process `\TSC.$proc$/home/shreya/HT_detection_GNN/trusthub/AES_unzipped/AES-T500/AES-T500/src/TjIn/TSC.v:31$1': $auto$proc_dlatch.cc:545:proc_dlatch$534
Warning: Latch inferred for signal `\TSC.\DynamicPower [90]' from process `\TSC.$proc$/home/shreya/HT_detection_GNN/trusthub/AES_unzipped/AES-T500/AES-T500/src/TjIn/TSC.v:31$1': $auto$proc_dlatch.cc:543:proc_dlatch$537
Warning: Latch inferred for signal `\TSC.\DynamicPower [91]' from process `\TSC.$proc$/home/shreya/HT_detection_GNN/trusthub/AES_unzipped/AES-T500/AES-T500/src/TjIn/TSC.v:31$1': $auto$proc_dlatch.cc:545:proc_dlatch$540
Warning: Latch inferred for signal `\TSC.\DynamicPower [92]' from process `\TSC.$proc$/home/shreya/HT_detection_GNN/trusthub/AES_unzipped/AES-T500/AES-T500/src/TjIn/TSC.v:31$1': $auto$proc_dlatch.cc:543:proc_dlatch$543
Warning: Latch inferred for signal `\TSC.\DynamicPower [93]' from process `\TSC.$proc$/home/shreya/HT_detection_GNN/trusthub/AES_unzipped/AES-T500/AES-T500/src/TjIn/TSC.v:31$1': $auto$proc_dlatch.cc:545:proc_dlatch$546
Warning: Latch inferred for signal `\TSC.\DynamicPower [94]' from process `\TSC.$proc$/home/shreya/HT_detection_GNN/trusthub/AES_unzipped/AES-T500/AES-T500/src/TjIn/TSC.v:31$1': $auto$proc_dlatch.cc:543:proc_dlatch$549
Warning: Latch inferred for signal `\TSC.\DynamicPower [95]' from process `\TSC.$proc$/home/shreya/HT_detection_GNN/trusthub/AES_unzipped/AES-T500/AES-T500/src/TjIn/TSC.v:31$1': $auto$proc_dlatch.cc:545:proc_dlatch$552
Warning: Latch inferred for signal `\TSC.\DynamicPower [96]' from process `\TSC.$proc$/home/shreya/HT_detection_GNN/trusthub/AES_unzipped/AES-T500/AES-T500/src/TjIn/TSC.v:31$1': $auto$proc_dlatch.cc:543:proc_dlatch$555
Warning: Latch inferred for signal `\TSC.\DynamicPower [97]' from process `\TSC.$proc$/home/shreya/HT_detection_GNN/trusthub/AES_unzipped/AES-T500/AES-T500/src/TjIn/TSC.v:31$1': $auto$proc_dlatch.cc:545:proc_dlatch$558
Warning: Latch inferred for signal `\TSC.\DynamicPower [98]' from process `\TSC.$proc$/home/shreya/HT_detection_GNN/trusthub/AES_unzipped/AES-T500/AES-T500/src/TjIn/TSC.v:31$1': $auto$proc_dlatch.cc:543:proc_dlatch$561
Warning: Latch inferred for signal `\TSC.\DynamicPower [99]' from process `\TSC.$proc$/home/shreya/HT_detection_GNN/trusthub/AES_unzipped/AES-T500/AES-T500/src/TjIn/TSC.v:31$1': $auto$proc_dlatch.cc:545:proc_dlatch$564
Warning: Latch inferred for signal `\TSC.\DynamicPower [100]' from process `\TSC.$proc$/home/shreya/HT_detection_GNN/trusthub/AES_unzipped/AES-T500/AES-T500/src/TjIn/TSC.v:31$1': $auto$proc_dlatch.cc:543:proc_dlatch$567
Warning: Latch inferred for signal `\TSC.\DynamicPower [101]' from process `\TSC.$proc$/home/shreya/HT_detection_GNN/trusthub/AES_unzipped/AES-T500/AES-T500/src/TjIn/TSC.v:31$1': $auto$proc_dlatch.cc:545:proc_dlatch$570
Warning: Latch inferred for signal `\TSC.\DynamicPower [102]' from process `\TSC.$proc$/home/shreya/HT_detection_GNN/trusthub/AES_unzipped/AES-T500/AES-T500/src/TjIn/TSC.v:31$1': $auto$proc_dlatch.cc:543:proc_dlatch$573
Warning: Latch inferred for signal `\TSC.\DynamicPower [103]' from process `\TSC.$proc$/home/shreya/HT_detection_GNN/trusthub/AES_unzipped/AES-T500/AES-T500/src/TjIn/TSC.v:31$1': $auto$proc_dlatch.cc:545:proc_dlatch$576
Warning: Latch inferred for signal `\TSC.\DynamicPower [104]' from process `\TSC.$proc$/home/shreya/HT_detection_GNN/trusthub/AES_unzipped/AES-T500/AES-T500/src/TjIn/TSC.v:31$1': $auto$proc_dlatch.cc:543:proc_dlatch$579
Warning: Latch inferred for signal `\TSC.\DynamicPower [105]' from process `\TSC.$proc$/home/shreya/HT_detection_GNN/trusthub/AES_unzipped/AES-T500/AES-T500/src/TjIn/TSC.v:31$1': $auto$proc_dlatch.cc:545:proc_dlatch$582
Warning: Latch inferred for signal `\TSC.\DynamicPower [106]' from process `\TSC.$proc$/home/shreya/HT_detection_GNN/trusthub/AES_unzipped/AES-T500/AES-T500/src/TjIn/TSC.v:31$1': $auto$proc_dlatch.cc:543:proc_dlatch$585
Warning: Latch inferred for signal `\TSC.\DynamicPower [107]' from process `\TSC.$proc$/home/shreya/HT_detection_GNN/trusthub/AES_unzipped/AES-T500/AES-T500/src/TjIn/TSC.v:31$1': $auto$proc_dlatch.cc:545:proc_dlatch$588
Warning: Latch inferred for signal `\TSC.\DynamicPower [108]' from process `\TSC.$proc$/home/shreya/HT_detection_GNN/trusthub/AES_unzipped/AES-T500/AES-T500/src/TjIn/TSC.v:31$1': $auto$proc_dlatch.cc:543:proc_dlatch$591
Warning: Latch inferred for signal `\TSC.\DynamicPower [109]' from process `\TSC.$proc$/home/shreya/HT_detection_GNN/trusthub/AES_unzipped/AES-T500/AES-T500/src/TjIn/TSC.v:31$1': $auto$proc_dlatch.cc:545:proc_dlatch$594
Warning: Latch inferred for signal `\TSC.\DynamicPower [110]' from process `\TSC.$proc$/home/shreya/HT_detection_GNN/trusthub/AES_unzipped/AES-T500/AES-T500/src/TjIn/TSC.v:31$1': $auto$proc_dlatch.cc:543:proc_dlatch$597
Warning: Latch inferred for signal `\TSC.\DynamicPower [111]' from process `\TSC.$proc$/home/shreya/HT_detection_GNN/trusthub/AES_unzipped/AES-T500/AES-T500/src/TjIn/TSC.v:31$1': $auto$proc_dlatch.cc:545:proc_dlatch$600
Warning: Latch inferred for signal `\TSC.\DynamicPower [112]' from process `\TSC.$proc$/home/shreya/HT_detection_GNN/trusthub/AES_unzipped/AES-T500/AES-T500/src/TjIn/TSC.v:31$1': $auto$proc_dlatch.cc:543:proc_dlatch$603
Warning: Latch inferred for signal `\TSC.\DynamicPower [113]' from process `\TSC.$proc$/home/shreya/HT_detection_GNN/trusthub/AES_unzipped/AES-T500/AES-T500/src/TjIn/TSC.v:31$1': $auto$proc_dlatch.cc:545:proc_dlatch$606
Warning: Latch inferred for signal `\TSC.\DynamicPower [114]' from process `\TSC.$proc$/home/shreya/HT_detection_GNN/trusthub/AES_unzipped/AES-T500/AES-T500/src/TjIn/TSC.v:31$1': $auto$proc_dlatch.cc:543:proc_dlatch$609
Warning: Latch inferred for signal `\TSC.\DynamicPower [115]' from process `\TSC.$proc$/home/shreya/HT_detection_GNN/trusthub/AES_unzipped/AES-T500/AES-T500/src/TjIn/TSC.v:31$1': $auto$proc_dlatch.cc:545:proc_dlatch$612
Warning: Latch inferred for signal `\TSC.\DynamicPower [116]' from process `\TSC.$proc$/home/shreya/HT_detection_GNN/trusthub/AES_unzipped/AES-T500/AES-T500/src/TjIn/TSC.v:31$1': $auto$proc_dlatch.cc:543:proc_dlatch$615
Warning: Latch inferred for signal `\TSC.\DynamicPower [117]' from process `\TSC.$proc$/home/shreya/HT_detection_GNN/trusthub/AES_unzipped/AES-T500/AES-T500/src/TjIn/TSC.v:31$1': $auto$proc_dlatch.cc:545:proc_dlatch$618
Warning: Latch inferred for signal `\TSC.\DynamicPower [118]' from process `\TSC.$proc$/home/shreya/HT_detection_GNN/trusthub/AES_unzipped/AES-T500/AES-T500/src/TjIn/TSC.v:31$1': $auto$proc_dlatch.cc:543:proc_dlatch$621
Warning: Latch inferred for signal `\TSC.\DynamicPower [119]' from process `\TSC.$proc$/home/shreya/HT_detection_GNN/trusthub/AES_unzipped/AES-T500/AES-T500/src/TjIn/TSC.v:31$1': $auto$proc_dlatch.cc:545:proc_dlatch$624
Warning: Latch inferred for signal `\TSC.\DynamicPower [120]' from process `\TSC.$proc$/home/shreya/HT_detection_GNN/trusthub/AES_unzipped/AES-T500/AES-T500/src/TjIn/TSC.v:31$1': $auto$proc_dlatch.cc:543:proc_dlatch$627
Warning: Latch inferred for signal `\TSC.\DynamicPower [121]' from process `\TSC.$proc$/home/shreya/HT_detection_GNN/trusthub/AES_unzipped/AES-T500/AES-T500/src/TjIn/TSC.v:31$1': $auto$proc_dlatch.cc:545:proc_dlatch$630
Warning: Latch inferred for signal `\TSC.\DynamicPower [122]' from process `\TSC.$proc$/home/shreya/HT_detection_GNN/trusthub/AES_unzipped/AES-T500/AES-T500/src/TjIn/TSC.v:31$1': $auto$proc_dlatch.cc:543:proc_dlatch$633
Warning: Latch inferred for signal `\TSC.\DynamicPower [123]' from process `\TSC.$proc$/home/shreya/HT_detection_GNN/trusthub/AES_unzipped/AES-T500/AES-T500/src/TjIn/TSC.v:31$1': $auto$proc_dlatch.cc:545:proc_dlatch$636
Warning: Latch inferred for signal `\TSC.\DynamicPower [124]' from process `\TSC.$proc$/home/shreya/HT_detection_GNN/trusthub/AES_unzipped/AES-T500/AES-T500/src/TjIn/TSC.v:31$1': $auto$proc_dlatch.cc:543:proc_dlatch$639
Warning: Latch inferred for signal `\TSC.\DynamicPower [125]' from process `\TSC.$proc$/home/shreya/HT_detection_GNN/trusthub/AES_unzipped/AES-T500/AES-T500/src/TjIn/TSC.v:31$1': $auto$proc_dlatch.cc:545:proc_dlatch$642
Warning: Latch inferred for signal `\TSC.\DynamicPower [126]' from process `\TSC.$proc$/home/shreya/HT_detection_GNN/trusthub/AES_unzipped/AES-T500/AES-T500/src/TjIn/TSC.v:31$1': $auto$proc_dlatch.cc:543:proc_dlatch$645
Warning: Latch inferred for signal `\TSC.\DynamicPower [127]' from process `\TSC.$proc$/home/shreya/HT_detection_GNN/trusthub/AES_unzipped/AES-T500/AES-T500/src/TjIn/TSC.v:31$1': $auto$proc_dlatch.cc:545:proc_dlatch$648

7.9. Executing PROC_DFF pass (convert process syncs to FFs).
Creating register for signal `\xS.\out' using process `\xS.$proc$/home/shreya/HT_detection_GNN/trusthub/AES_unzipped/AES-T500/AES-T500/src/TjIn/table.v:331$56'.
  created $dff cell `$procdff$649' with positive edge clock.
Creating register for signal `\S.\out' using process `\S.$proc$/home/shreya/HT_detection_GNN/trusthub/AES_unzipped/AES-T500/AES-T500/src/TjIn/table.v:64$55'.
  created $dff cell `$procdff$650' with positive edge clock.
Creating register for signal `\final_round.\state_out' using process `\final_round.$proc$/home/shreya/HT_detection_GNN/trusthub/AES_unzipped/AES-T500/AES-T500/src/TjIn/round.v:78$53'.
  created $dff cell `$procdff$651' with positive edge clock.
Creating register for signal `\one_round.\state_out' using process `\one_round.$proc$/home/shreya/HT_detection_GNN/trusthub/AES_unzipped/AES-T500/AES-T500/src/TjIn/round.v:45$48'.
  created $dff cell `$procdff$652' with positive edge clock.
Creating register for signal `\expand_key_128.\out_1' using process `\expand_key_128.$proc$/home/shreya/HT_detection_GNN/trusthub/AES_unzipped/AES-T500/AES-T500/src/TjIn/aes_128.v:88$31'.
  created $dff cell `$procdff$653' with positive edge clock.
Creating register for signal `\expand_key_128.\k0a' using process `\expand_key_128.$proc$/home/shreya/HT_detection_GNN/trusthub/AES_unzipped/AES-T500/AES-T500/src/TjIn/aes_128.v:77$26'.
  created $dff cell `$procdff$654' with positive edge clock.
Creating register for signal `\expand_key_128.\k1a' using process `\expand_key_128.$proc$/home/shreya/HT_detection_GNN/trusthub/AES_unzipped/AES-T500/AES-T500/src/TjIn/aes_128.v:77$26'.
  created $dff cell `$procdff$655' with positive edge clock.
Creating register for signal `\expand_key_128.\k2a' using process `\expand_key_128.$proc$/home/shreya/HT_detection_GNN/trusthub/AES_unzipped/AES-T500/AES-T500/src/TjIn/aes_128.v:77$26'.
  created $dff cell `$procdff$656' with positive edge clock.
Creating register for signal `\expand_key_128.\k3a' using process `\expand_key_128.$proc$/home/shreya/HT_detection_GNN/trusthub/AES_unzipped/AES-T500/AES-T500/src/TjIn/aes_128.v:77$26'.
  created $dff cell `$procdff$657' with positive edge clock.
Creating register for signal `\aes_128.\s0' using process `\aes_128.$proc$/home/shreya/HT_detection_GNN/trusthub/AES_unzipped/AES-T500/AES-T500/src/TjIn/aes_128.v:26$20'.
  created $dff cell `$procdff$658' with positive edge clock.
Creating register for signal `\aes_128.\k0' using process `\aes_128.$proc$/home/shreya/HT_detection_GNN/trusthub/AES_unzipped/AES-T500/AES-T500/src/TjIn/aes_128.v:26$20'.
  created $dff cell `$procdff$659' with positive edge clock.

7.10. Executing PROC_MEMWR pass (convert process memory writes to cells).

7.11. Executing PROC_CLEAN pass (remove empty switches from decision trees).
Found and cleaned up 1 empty switch in `\xS.$proc$/home/shreya/HT_detection_GNN/trusthub/AES_unzipped/AES-T500/AES-T500/src/TjIn/table.v:331$56'.
Removing empty process `xS.$proc$/home/shreya/HT_detection_GNN/trusthub/AES_unzipped/AES-T500/AES-T500/src/TjIn/table.v:331$56'.
Found and cleaned up 1 empty switch in `\S.$proc$/home/shreya/HT_detection_GNN/trusthub/AES_unzipped/AES-T500/AES-T500/src/TjIn/table.v:64$55'.
Removing empty process `S.$proc$/home/shreya/HT_detection_GNN/trusthub/AES_unzipped/AES-T500/AES-T500/src/TjIn/table.v:64$55'.
Removing empty process `final_round.$proc$/home/shreya/HT_detection_GNN/trusthub/AES_unzipped/AES-T500/AES-T500/src/TjIn/round.v:78$53'.
Removing empty process `one_round.$proc$/home/shreya/HT_detection_GNN/trusthub/AES_unzipped/AES-T500/AES-T500/src/TjIn/round.v:45$48'.
Removing empty process `expand_key_128.$proc$/home/shreya/HT_detection_GNN/trusthub/AES_unzipped/AES-T500/AES-T500/src/TjIn/aes_128.v:88$31'.
Removing empty process `expand_key_128.$proc$/home/shreya/HT_detection_GNN/trusthub/AES_unzipped/AES-T500/AES-T500/src/TjIn/aes_128.v:77$26'.
Removing empty process `aes_128.$proc$/home/shreya/HT_detection_GNN/trusthub/AES_unzipped/AES-T500/AES-T500/src/TjIn/aes_128.v:26$20'.
Removing empty process `TSC.$proc$/home/shreya/HT_detection_GNN/trusthub/AES_unzipped/AES-T500/AES-T500/src/TjIn/TSC.v:57$16'.
Found and cleaned up 5 empty switches in `\TSC.$proc$/home/shreya/HT_detection_GNN/trusthub/AES_unzipped/AES-T500/AES-T500/src/TjIn/TSC.v:39$4'.
Removing empty process `TSC.$proc$/home/shreya/HT_detection_GNN/trusthub/AES_unzipped/AES-T500/AES-T500/src/TjIn/TSC.v:39$4'.
Found and cleaned up 2 empty switches in `\TSC.$proc$/home/shreya/HT_detection_GNN/trusthub/AES_unzipped/AES-T500/AES-T500/src/TjIn/TSC.v:31$1'.
Removing empty process `TSC.$proc$/home/shreya/HT_detection_GNN/trusthub/AES_unzipped/AES-T500/AES-T500/src/TjIn/TSC.v:31$1'.
Cleaned up 9 empty switches.

7.12. Executing OPT_EXPR pass (perform const folding).
Optimizing module top.
Optimizing module xS.
Optimizing module S.
Optimizing module T.
Optimizing module S4.
Optimizing module table_lookup.
Optimizing module final_round.
Optimizing module one_round.
Optimizing module expand_key_128.
Optimizing module aes_128.
Optimizing module TSC.
<suppressed ~446 debug messages>

8. Executing OPT pass (performing simple optimizations).

8.1. Executing OPT_EXPR pass (perform const folding).
Optimizing module top.
Optimizing module xS.
Optimizing module S.
Optimizing module T.
Optimizing module S4.
Optimizing module table_lookup.
Optimizing module final_round.
Optimizing module one_round.
Optimizing module expand_key_128.
Optimizing module aes_128.
Optimizing module TSC.

8.2. Executing OPT_MERGE pass (detect identical cells).
Finding identical cells in module `\top'.
Computing hashes of 2 cells of `\top'.
Finding duplicate cells in `\top'.
Finding identical cells in module `\xS'.
Computing hashes of 3 cells of `\xS'.
Finding duplicate cells in `\xS'.
Finding identical cells in module `\S'.
Computing hashes of 3 cells of `\S'.
Finding duplicate cells in `\S'.
Finding identical cells in module `\T'.
Computing hashes of 3 cells of `\T'.
Finding duplicate cells in `\T'.
Finding identical cells in module `\S4'.
Computing hashes of 4 cells of `\S4'.
Finding duplicate cells in `\S4'.
Finding identical cells in module `\table_lookup'.
Computing hashes of 4 cells of `\table_lookup'.
Finding duplicate cells in `\table_lookup'.
Finding identical cells in module `\final_round'.
Computing hashes of 9 cells of `\final_round'.
Finding duplicate cells in `\final_round'.
Finding identical cells in module `\one_round'.
Computing hashes of 21 cells of `\one_round'.
Finding duplicate cells in `\one_round'.
Finding identical cells in module `\expand_key_128'.
Computing hashes of 14 cells of `\expand_key_128'.
Finding duplicate cells in `\expand_key_128'.
Finding identical cells in module `\aes_128'.
Computing hashes of 23 cells of `\aes_128'.
Finding duplicate cells in `\aes_128'.
Finding identical cells in module `\TSC'.
Computing hashes of 181 cells of `\TSC'.
Finding duplicate cells in `\TSC'.
Computing hashes of 172 cells of `\TSC'.
Finding duplicate cells in `\TSC'.
<suppressed ~27 debug messages>
Removed a total of 9 cells.

8.3. Executing OPT_MUXTREE pass (detect dead branches in mux trees).
Running muxtree optimizer on module \top..
  Creating internal representation of mux trees.
  No muxes found in this module.
Running muxtree optimizer on module \xS..
  Creating internal representation of mux trees.
  No muxes found in this module.
Running muxtree optimizer on module \S..
  Creating internal representation of mux trees.
  No muxes found in this module.
Running muxtree optimizer on module \T..
  Creating internal representation of mux trees.
  No muxes found in this module.
Running muxtree optimizer on module \S4..
  Creating internal representation of mux trees.
  No muxes found in this module.
Running muxtree optimizer on module \table_lookup..
  Creating internal representation of mux trees.
  No muxes found in this module.
Running muxtree optimizer on module \final_round..
  Creating internal representation of mux trees.
  No muxes found in this module.
Running muxtree optimizer on module \one_round..
  Creating internal representation of mux trees.
  No muxes found in this module.
Running muxtree optimizer on module \expand_key_128..
  Creating internal representation of mux trees.
  No muxes found in this module.
Running muxtree optimizer on module \aes_128..
  Creating internal representation of mux trees.
  No muxes found in this module.
Running muxtree optimizer on module \TSC..
  Creating internal representation of mux trees.
  Evaluating internal representation of mux trees.
  Analyzing evaluation results.
Removed 0 multiplexer ports.
<suppressed ~8 debug messages>

8.4. Executing OPT_REDUCE pass (consolidate $*mux and $reduce_* inputs).
  Optimizing cells in module \top.
  Optimizing cells in module \xS.
  Optimizing cells in module \S.
  Optimizing cells in module \T.
  Optimizing cells in module \S4.
  Optimizing cells in module \table_lookup.
  Optimizing cells in module \final_round.
  Optimizing cells in module \one_round.
  Optimizing cells in module \expand_key_128.
  Optimizing cells in module \aes_128.
  Optimizing cells in module \TSC.
Performed a total of 0 changes.

8.5. Executing OPT_MERGE pass (detect identical cells).
Finding identical cells in module `\top'.
Computing hashes of 2 cells of `\top'.
Finding duplicate cells in `\top'.
Finding identical cells in module `\xS'.
Computing hashes of 3 cells of `\xS'.
Finding duplicate cells in `\xS'.
Finding identical cells in module `\S'.
Computing hashes of 3 cells of `\S'.
Finding duplicate cells in `\S'.
Finding identical cells in module `\T'.
Computing hashes of 3 cells of `\T'.
Finding duplicate cells in `\T'.
Finding identical cells in module `\S4'.
Computing hashes of 4 cells of `\S4'.
Finding duplicate cells in `\S4'.
Finding identical cells in module `\table_lookup'.
Computing hashes of 4 cells of `\table_lookup'.
Finding duplicate cells in `\table_lookup'.
Finding identical cells in module `\final_round'.
Computing hashes of 9 cells of `\final_round'.
Finding duplicate cells in `\final_round'.
Finding identical cells in module `\one_round'.
Computing hashes of 21 cells of `\one_round'.
Finding duplicate cells in `\one_round'.
Finding identical cells in module `\expand_key_128'.
Computing hashes of 14 cells of `\expand_key_128'.
Finding duplicate cells in `\expand_key_128'.
Finding identical cells in module `\aes_128'.
Computing hashes of 23 cells of `\aes_128'.
Finding duplicate cells in `\aes_128'.
Finding identical cells in module `\TSC'.
Computing hashes of 172 cells of `\TSC'.
Finding duplicate cells in `\TSC'.
Computing hashes of 169 cells of `\TSC'.
Finding duplicate cells in `\TSC'.
<suppressed ~9 debug messages>
Removed a total of 3 cells.

8.6. Executing OPT_DFF pass (perform DFF optimizations).

8.7. Executing OPT_CLEAN pass (remove unused cells and wires).
Finding unused cells or wires in module \top..
Finding unused cells or wires in module \xS..
Finding unused cells or wires in module \S..
Finding unused cells or wires in module \T..
Finding unused cells or wires in module \S4..
Finding unused cells or wires in module \table_lookup..
Finding unused cells or wires in module \final_round..
Finding unused cells or wires in module \one_round..
Finding unused cells or wires in module \expand_key_128..
Finding unused cells or wires in module \aes_128..
Finding unused cells or wires in module \TSC..
Removed 170 unused cells and 290 unused wires.
<suppressed ~184 debug messages>

8.8. Executing OPT_EXPR pass (perform const folding).
Optimizing module top.
Optimizing module xS.
Optimizing module S.
Optimizing module T.
Optimizing module S4.
Optimizing module table_lookup.
Optimizing module final_round.
Optimizing module one_round.
Optimizing module expand_key_128.
Optimizing module aes_128.
Optimizing module TSC.

8.9. Rerunning OPT passes. (Maybe there is more to do..)

8.10. Executing OPT_MUXTREE pass (detect dead branches in mux trees).
Running muxtree optimizer on module \top..
  Creating internal representation of mux trees.
  No muxes found in this module.
Running muxtree optimizer on module \xS..
  Creating internal representation of mux trees.
  No muxes found in this module.
Running muxtree optimizer on module \S..
  Creating internal representation of mux trees.
  No muxes found in this module.
Running muxtree optimizer on module \T..
  Creating internal representation of mux trees.
  No muxes found in this module.
Running muxtree optimizer on module \S4..
  Creating internal representation of mux trees.
  No muxes found in this module.
Running muxtree optimizer on module \table_lookup..
  Creating internal representation of mux trees.
  No muxes found in this module.
Running muxtree optimizer on module \final_round..
  Creating internal representation of mux trees.
  No muxes found in this module.
Running muxtree optimizer on module \one_round..
  Creating internal representation of mux trees.
  No muxes found in this module.
Running muxtree optimizer on module \expand_key_128..
  Creating internal representation of mux trees.
  No muxes found in this module.
Running muxtree optimizer on module \aes_128..
  Creating internal representation of mux trees.
  No muxes found in this module.
Running muxtree optimizer on module \TSC..
  Creating internal representation of mux trees.
  No muxes found in this module.
Removed 0 multiplexer ports.

8.11. Executing OPT_REDUCE pass (consolidate $*mux and $reduce_* inputs).
  Optimizing cells in module \top.
  Optimizing cells in module \xS.
  Optimizing cells in module \S.
  Optimizing cells in module \T.
  Optimizing cells in module \S4.
  Optimizing cells in module \table_lookup.
  Optimizing cells in module \final_round.
  Optimizing cells in module \one_round.
  Optimizing cells in module \expand_key_128.
  Optimizing cells in module \aes_128.
  Optimizing cells in module \TSC.
Performed a total of 0 changes.

8.12. Executing OPT_MERGE pass (detect identical cells).
Finding identical cells in module `\top'.
Computing hashes of 1 cells of `\top'.
Finding duplicate cells in `\top'.
Finding identical cells in module `\xS'.
Computing hashes of 3 cells of `\xS'.
Finding duplicate cells in `\xS'.
Finding identical cells in module `\S'.
Computing hashes of 3 cells of `\S'.
Finding duplicate cells in `\S'.
Finding identical cells in module `\T'.
Computing hashes of 3 cells of `\T'.
Finding duplicate cells in `\T'.
Finding identical cells in module `\S4'.
Computing hashes of 4 cells of `\S4'.
Finding duplicate cells in `\S4'.
Finding identical cells in module `\table_lookup'.
Computing hashes of 4 cells of `\table_lookup'.
Finding duplicate cells in `\table_lookup'.
Finding identical cells in module `\final_round'.
Computing hashes of 9 cells of `\final_round'.
Finding duplicate cells in `\final_round'.
Finding identical cells in module `\one_round'.
Computing hashes of 21 cells of `\one_round'.
Finding duplicate cells in `\one_round'.
Finding identical cells in module `\expand_key_128'.
Computing hashes of 14 cells of `\expand_key_128'.
Finding duplicate cells in `\expand_key_128'.
Finding identical cells in module `\aes_128'.
Computing hashes of 23 cells of `\aes_128'.
Finding duplicate cells in `\aes_128'.
Finding identical cells in module `\TSC'.
Computing hashes of 0 cells of `\TSC'.
Finding duplicate cells in `\TSC'.
Removed a total of 0 cells.

8.13. Executing OPT_DFF pass (perform DFF optimizations).

8.14. Executing OPT_CLEAN pass (remove unused cells and wires).
Finding unused cells or wires in module \top..
Finding unused cells or wires in module \xS..
Finding unused cells or wires in module \S..
Finding unused cells or wires in module \T..
Finding unused cells or wires in module \S4..
Finding unused cells or wires in module \table_lookup..
Finding unused cells or wires in module \final_round..
Finding unused cells or wires in module \one_round..
Finding unused cells or wires in module \expand_key_128..
Finding unused cells or wires in module \aes_128..
Finding unused cells or wires in module \TSC..

8.15. Executing OPT_EXPR pass (perform const folding).
Optimizing module top.
Optimizing module xS.
Optimizing module S.
Optimizing module T.
Optimizing module S4.
Optimizing module table_lookup.
Optimizing module final_round.
Optimizing module one_round.
Optimizing module expand_key_128.
Optimizing module aes_128.
Optimizing module TSC.

8.16. Finished fast OPT passes. (There is nothing left to do.)

9. Executing FLATTEN pass (flatten design).
Deleting now unused module xS.
Deleting now unused module S.
Deleting now unused module T.
Deleting now unused module S4.
Deleting now unused module table_lookup.
Deleting now unused module final_round.
Deleting now unused module one_round.
Deleting now unused module expand_key_128.
Deleting now unused module aes_128.
Deleting now unused module TSC.
<suppressed ~40 debug messages>

10. Executing OPT pass (performing simple optimizations).

10.1. Executing OPT_EXPR pass (perform const folding).
Optimizing module top.
<suppressed ~10 debug messages>

10.2. Executing OPT_MERGE pass (detect identical cells).
Finding identical cells in module `\top'.
Computing hashes of 2026 cells of `\top'.
Finding duplicate cells in `\top'.
Removed a total of 0 cells.

10.3. Executing OPT_MUXTREE pass (detect dead branches in mux trees).
Running muxtree optimizer on module \top..
  Creating internal representation of mux trees.
  No muxes found in this module.
Removed 0 multiplexer ports.

10.4. Executing OPT_REDUCE pass (consolidate $*mux and $reduce_* inputs).
  Optimizing cells in module \top.
Performed a total of 0 changes.

10.5. Executing OPT_MERGE pass (detect identical cells).
Finding identical cells in module `\top'.
Computing hashes of 2026 cells of `\top'.
Finding duplicate cells in `\top'.
Removed a total of 0 cells.

10.6. Executing OPT_DFF pass (perform DFF optimizations).

10.7. Executing OPT_CLEAN pass (remove unused cells and wires).
Finding unused cells or wires in module \top..
Removed 1 unused cells and 11 unused wires.
<suppressed ~3 debug messages>

10.8. Executing OPT_EXPR pass (perform const folding).
Optimizing module top.

10.9. Rerunning OPT passes. (Maybe there is more to do..)

10.10. Executing OPT_MUXTREE pass (detect dead branches in mux trees).
Running muxtree optimizer on module \top..
  Creating internal representation of mux trees.
  No muxes found in this module.
Removed 0 multiplexer ports.

10.11. Executing OPT_REDUCE pass (consolidate $*mux and $reduce_* inputs).
  Optimizing cells in module \top.
Performed a total of 0 changes.

10.12. Executing OPT_MERGE pass (detect identical cells).
Finding identical cells in module `\top'.
Computing hashes of 2025 cells of `\top'.
Finding duplicate cells in `\top'.
Removed a total of 0 cells.

10.13. Executing OPT_DFF pass (perform DFF optimizations).

10.14. Executing OPT_CLEAN pass (remove unused cells and wires).
Finding unused cells or wires in module \top..

10.15. Executing OPT_EXPR pass (perform const folding).
Optimizing module top.

10.16. Finished fast OPT passes. (There is nothing left to do.)

11. Executing TECHMAP pass (map to technology primitives).

11.1. Executing Verilog-2005 frontend: /home/shreya/oss-cad-suite/lib/../share/yosys/techmap.v
Parsing Verilog input from `/home/shreya/oss-cad-suite/lib/../share/yosys/techmap.v' to AST representation.
Generating RTLIL representation for module `\_90_simplemap_bool_ops'.
Generating RTLIL representation for module `\_90_simplemap_reduce_ops'.
Generating RTLIL representation for module `\_90_simplemap_logic_ops'.
Generating RTLIL representation for module `\_90_simplemap_compare_ops'.
Generating RTLIL representation for module `\_90_simplemap_various'.
Generating RTLIL representation for module `\_90_simplemap_registers'.
Generating RTLIL representation for module `\_90_shift_ops_shr_shl_sshl_sshr'.
Generating RTLIL representation for module `\_90_shift_shiftx'.
Generating RTLIL representation for module `\_90_fa'.
Generating RTLIL representation for module `\_90_lcu_brent_kung'.
Generating RTLIL representation for module `\_90_alu'.
Generating RTLIL representation for module `\_90_macc'.
Generating RTLIL representation for module `\_90_alumacc'.
Generating RTLIL representation for module `$__div_mod_u'.
Generating RTLIL representation for module `$__div_mod_trunc'.
Generating RTLIL representation for module `\_90_div'.
Generating RTLIL representation for module `\_90_mod'.
Generating RTLIL representation for module `$__div_mod_floor'.
Generating RTLIL representation for module `\_90_divfloor'.
Generating RTLIL representation for module `\_90_modfloor'.
Generating RTLIL representation for module `\_90_pow'.
Generating RTLIL representation for module `\_90_demux'.
Generating RTLIL representation for module `\_90_lut'.
Generating RTLIL representation for module `$connect'.
Generating RTLIL representation for module `$input_port'.
Successfully finished Verilog frontend.

11.2. Continuing TECHMAP pass.
Using extmapper simplemap for cells of type $not.
Using extmapper simplemap for cells of type $xor.
Using extmapper simplemap for cells of type $dff.
No more expansions possible.
<suppressed ~855 debug messages>

12. Executing OPT pass (performing simple optimizations).

12.1. Executing OPT_EXPR pass (perform const folding).
Optimizing module top.

12.2. Executing OPT_MERGE pass (detect identical cells).
Finding identical cells in module `\top'.
Computing hashes of 16239 cells of `\top'.
Finding duplicate cells in `\top'.
Removed a total of 0 cells.

12.3. Executing OPT_MUXTREE pass (detect dead branches in mux trees).
Running muxtree optimizer on module \top..
  Creating internal representation of mux trees.
  No muxes found in this module.
Removed 0 multiplexer ports.

12.4. Executing OPT_REDUCE pass (consolidate $*mux and $reduce_* inputs).
  Optimizing cells in module \top.
Performed a total of 0 changes.

12.5. Executing OPT_MERGE pass (detect identical cells).
Finding identical cells in module `\top'.
Computing hashes of 16239 cells of `\top'.
Finding duplicate cells in `\top'.
Removed a total of 0 cells.

12.6. Executing OPT_DFF pass (perform DFF optimizations).

12.7. Executing OPT_CLEAN pass (remove unused cells and wires).
Finding unused cells or wires in module \top..

12.8. Executing OPT_EXPR pass (perform const folding).
Optimizing module top.

12.9. Finished fast OPT passes. (There is nothing left to do.)

13. Executing ABC pass (technology mapping using ABC).

13.1. Extracting gate netlist of module `\top' to `<abc-temp-dir>/input.blif'..

13.1.1. Executed ABC.
Extracted 8272 gates and 13840 wires to a netlist network with 5568 inputs and 3536 outputs.
Running ABC script: <abc-temp-dir>/abc.script
ABC: UC Berkeley, ABC 1.01 (compiled Sep  8 2026 05:10:04)
ABC: abc 01> empty
ABC: abc 01> source <abc-temp-dir>/abc.script
ABC: + read_blif <abc-temp-dir>/input.blif 
ABC: + read_library <abc-temp-dir>/stdcells.genlib 
ABC: + strash 
ABC: + &get -n 
ABC: + &fraig -x 
ABC: + &put 
ABC: + scorr 
ABC: Warning: The network is combinational (run "fraig" or "fraig_sweep").
ABC: + dc2 
ABC: + dretime 
ABC: + strash 
ABC: + &get -n 
ABC: + &dch -f 
ABC: + &nf 
ABC: + &put 
ABC: + write_blif <abc-temp-dir>/output.blif 
ABC: 
ABC: YOSYS_ABC_DONE 

13.1.2. Re-integrating ABC results.
ABC RESULTS:               NOT cells:       16
ABC RESULTS:              XNOR cells:     3332
ABC RESULTS:               XOR cells:     4357
ABC RESULTS:        internal signals:     4736
ABC RESULTS:           input signals:     5568
ABC RESULTS:          output signals:     3536
Removing temp directory.
Removing global temp directory.

14. Executing OPT pass (performing simple optimizations).

14.1. Executing OPT_EXPR pass (perform const folding).
Optimizing module top.

14.2. Executing OPT_MERGE pass (detect identical cells).
Finding identical cells in module `\top'.
Computing hashes of 15672 cells of `\top'.
Finding duplicate cells in `\top'.
Removed a total of 0 cells.

14.3. Executing OPT_MUXTREE pass (detect dead branches in mux trees).
Running muxtree optimizer on module \top..
  Creating internal representation of mux trees.
  No muxes found in this module.
Removed 0 multiplexer ports.

14.4. Executing OPT_REDUCE pass (consolidate $*mux and $reduce_* inputs).
  Optimizing cells in module \top.
Performed a total of 0 changes.

14.5. Executing OPT_MERGE pass (detect identical cells).
Finding identical cells in module `\top'.
Computing hashes of 15672 cells of `\top'.
Finding duplicate cells in `\top'.
Removed a total of 0 cells.

14.6. Executing OPT_DFF pass (perform DFF optimizations).

14.7. Executing OPT_CLEAN pass (remove unused cells and wires).
Finding unused cells or wires in module \top..
Removed 0 unused cells and 9096 unused wires.
<suppressed ~12 debug messages>

14.8. Executing OPT_EXPR pass (perform const folding).
Optimizing module top.

14.9. Rerunning OPT passes. (Maybe there is more to do..)

14.10. Executing OPT_MUXTREE pass (detect dead branches in mux trees).
Running muxtree optimizer on module \top..
  Creating internal representation of mux trees.
  No muxes found in this module.
Removed 0 multiplexer ports.

14.11. Executing OPT_REDUCE pass (consolidate $*mux and $reduce_* inputs).
  Optimizing cells in module \top.
Performed a total of 0 changes.

14.12. Executing OPT_MERGE pass (detect identical cells).
Finding identical cells in module `\top'.
Computing hashes of 15672 cells of `\top'.
Finding duplicate cells in `\top'.
Removed a total of 0 cells.

14.13. Executing OPT_DFF pass (perform DFF optimizations).

14.14. Executing OPT_CLEAN pass (remove unused cells and wires).
Finding unused cells or wires in module \top..

14.15. Executing OPT_EXPR pass (perform const folding).
Optimizing module top.

14.16. Finished fast OPT passes. (There is nothing left to do.)

15. Executing Verilog backend.
Dumping module `\top'.

Warnings: 132 unique messages, 132 total
End of script. Logfile hash: a1348987eb, time: 2.91s, user: 1.74s, system: 0.05s, MEM: 63.43 MB peak
Yosys 0.68+201 (git sha1 7c26ff16c-dirty, Release, Clang /usr/bin/clang++ 21.1.8)
Time spent: 47% 1x abc (1 sec), 19% 7x opt_clean (0 sec), ...

